Archive member included because of file (symbol)

libbb/lib.a(appletlib.o)      /home/martin/Bureau/Cours/LA1/LPE/Partie2/srcRPI/tools-master/arm-bcm2708/gcc-linaro-arm-linux-gnueabihf-raspbian-x64/bin/../arm-linux-gnueabihf/libc/usr/lib/arm-linux-gnueabihf/crt1.o (main)
libbb/lib.a(compare_string_array.o)
                              libbb/lib.a(appletlib.o) (is_prefixed_with)
libbb/lib.a(concat_path_file.o)
                              libbb/lib.a(appletlib.o) (concat_path_file)
libbb/lib.a(default_error_retval.o)
                              libbb/lib.a(appletlib.o) (xfunc_error_retval)
libbb/lib.a(get_last_path_component.o)
                              libbb/lib.a(appletlib.o) (bb_basename)
libbb/lib.a(last_char_is.o)   libbb/lib.a(concat_path_file.o) (last_char_is)
libbb/lib.a(llist.o)          libbb/lib.a(appletlib.o) (llist_free)
libbb/lib.a(messages.o)       libbb/lib.a(appletlib.o) (bb_busybox_exec_path)
libbb/lib.a(perror_msg.o)     libbb/lib.a(appletlib.o) (bb_simple_perror_msg)
libbb/lib.a(ptr_to_globals.o)
                              libbb/lib.a(appletlib.o) (bb_errno)
libbb/lib.a(skip_whitespace.o)
                              libbb/lib.a(appletlib.o) (skip_whitespace)
libbb/lib.a(verror_msg.o)     libbb/lib.a(perror_msg.o) (bb_verror_msg)
libbb/lib.a(wfopen.o)         libbb/lib.a(appletlib.o) (fopen_for_read)
libbb/lib.a(xfunc_die.o)      libbb/lib.a(appletlib.o) (xfunc_die)
libbb/lib.a(xfuncs.o)         libbb/lib.a(appletlib.o) (full_write1_str)
libbb/lib.a(xfuncs_printf.o)  libbb/lib.a(wfopen.o) (bb_die_memory_exhausted)
libbb/lib.a(xreadlink.o)      libbb/lib.a(appletlib.o) (xmalloc_readlink)
libbb/lib.a(copyfd.o)         libbb/lib.a(xfuncs_printf.o) (bb_copyfd_eof)
libbb/lib.a(full_write.o)     libbb/lib.a(verror_msg.o) (full_write)
libbb/lib.a(read.o)           libbb/lib.a(copyfd.o) (safe_read)
libbb/lib.a(safe_write.o)     libbb/lib.a(full_write.o) (safe_write)
libbb/lib.a(signals.o)        libbb/lib.a(xfuncs_printf.o) (kill_myself_with_sig)
libbb/lib.a(time.o)           libbb/lib.a(xfuncs_printf.o) (monotonic_us)
libbb/lib.a(xgetcwd.o)        libbb/lib.a(xreadlink.o) (xrealloc_getcwd_or_warn)
libbb/lib.a(bb_strtonum.o)    libbb/lib.a(time.o) (bb_strtol)
libpwdgrp/lib.a(pwd_grp.o)    libbb/lib.a(appletlib.o) (bb_internal_getpwnam)
libpwdgrp/lib.a(uidgid_get.o)
                              libbb/lib.a(appletlib.o) (get_uidgid)
loginutils/lib.a(add-remove-shell.o)
                              libbb/lib.a(appletlib.o) (add_remove_shell_main)
loginutils/lib.a(addgroup.o)  libbb/lib.a(appletlib.o) (addgroup_main)
loginutils/lib.a(adduser.o)   libbb/lib.a(appletlib.o) (adduser_main)
loginutils/lib.a(chpasswd.o)  libbb/lib.a(appletlib.o) (chpasswd_main)
loginutils/lib.a(cryptpw.o)   libbb/lib.a(appletlib.o) (cryptpw_main)
loginutils/lib.a(deluser.o)   libbb/lib.a(appletlib.o) (deluser_main)
loginutils/lib.a(getty.o)     libbb/lib.a(appletlib.o) (getty_main)
loginutils/lib.a(login.o)     libbb/lib.a(appletlib.o) (login_main)
loginutils/lib.a(passwd.o)    libbb/lib.a(appletlib.o) (passwd_main)
loginutils/lib.a(su.o)        libbb/lib.a(appletlib.o) (su_main)
loginutils/lib.a(sulogin.o)   libbb/lib.a(appletlib.o) (sulogin_main)
loginutils/lib.a(vlock.o)     libbb/lib.a(appletlib.o) (vlock_main)
mailutils/lib.a(makemime.o)   libbb/lib.a(appletlib.o) (makemime_main)
mailutils/lib.a(popmaildir.o)
                              libbb/lib.a(appletlib.o) (popmaildir_main)
mailutils/lib.a(reformime.o)  libbb/lib.a(appletlib.o) (reformime_main)
mailutils/lib.a(sendmail.o)   libbb/lib.a(appletlib.o) (sendmail_main)
mailutils/lib.a(mail.o)       mailutils/lib.a(popmaildir.o) (launch_helper)
miscutils/lib.a(adjtimex.o)   libbb/lib.a(appletlib.o) (adjtimex_main)
miscutils/lib.a(ascii.o)      libbb/lib.a(appletlib.o) (ascii_main)
miscutils/lib.a(bc.o)         libbb/lib.a(appletlib.o) (bc_main)
miscutils/lib.a(beep.o)       libbb/lib.a(appletlib.o) (beep_main)
miscutils/lib.a(chat.o)       libbb/lib.a(appletlib.o) (chat_main)
miscutils/lib.a(conspy.o)     libbb/lib.a(appletlib.o) (conspy_main)
miscutils/lib.a(crond.o)      libbb/lib.a(appletlib.o) (crond_main)
miscutils/lib.a(crontab.o)    libbb/lib.a(appletlib.o) (crontab_main)
miscutils/lib.a(devmem.o)     libbb/lib.a(appletlib.o) (devmem_main)
miscutils/lib.a(fbsplash.o)   libbb/lib.a(appletlib.o) (fbsplash_main)
miscutils/lib.a(hdparm.o)     libbb/lib.a(appletlib.o) (hdparm_main)
miscutils/lib.a(hexedit.o)    libbb/lib.a(appletlib.o) (hexedit_main)
miscutils/lib.a(i2c_tools.o)  libbb/lib.a(appletlib.o) (i2cget_main)
miscutils/lib.a(less.o)       libbb/lib.a(appletlib.o) (less_main)
miscutils/lib.a(lsscsi.o)     libbb/lib.a(appletlib.o) (lsscsi_main)
miscutils/lib.a(makedevs.o)   libbb/lib.a(appletlib.o) (makedevs_main)
miscutils/lib.a(man.o)        libbb/lib.a(appletlib.o) (man_main)
miscutils/lib.a(microcom.o)   libbb/lib.a(appletlib.o) (microcom_main)
miscutils/lib.a(mt.o)         libbb/lib.a(appletlib.o) (mt_main)
[...]
Memory Configuration

Name             Origin             Length             Attributes
*default*        0x0000000000000000 0xffffffffffffffff

Linker script and memory map

LOAD /home/martin/Bureau/Cours/LA1/LPE/Partie2/srcRPI/tools-master/arm-bcm2708/gcc-linaro-arm-linux-gnueabihf-raspbian-x64/bin/../arm-linux-gnueabihf/libc/usr/lib/arm-linux-gnueabihf/crt1.o
LOAD /home/martin/Bureau/Cours/LA1/LPE/Partie2/srcRPI/tools-master/arm-bcm2708/gcc-linaro-arm-linux-gnueabihf-raspbian-x64/bin/../arm-linux-gnueabihf/libc/usr/lib/arm-linux-gnueabihf/crti.o
LOAD /home/martin/Bureau/Cours/LA1/LPE/Partie2/srcRPI/tools-master/arm-bcm2708/gcc-linaro-arm-linux-gnueabihf-raspbian-x64/bin/../lib/gcc/arm-linux-gnueabihf/4.8.3/crtbegin.o
START GROUP
LOAD applets/built-in.o
LOAD archival/lib.a
LOAD archival/libarchive/lib.a
LOAD console-tools/lib.a
LOAD coreutils/lib.a
LOAD coreutils/libcoreutils/lib.a
LOAD debianutils/lib.a
LOAD klibc-utils/lib.a
LOAD e2fsprogs/lib.a
LOAD editors/lib.a
LOAD findutils/lib.a
LOAD init/lib.a
LOAD libbb/lib.a
LOAD libpwdgrp/lib.a
LOAD loginutils/lib.a
LOAD mailutils/lib.a
LOAD miscutils/lib.a
LOAD modutils/lib.a
LOAD networking/lib.a
LOAD networking/libiproute/lib.a
LOAD networking/udhcp/lib.a
LOAD printutils/lib.a
LOAD procps/lib.a
LOAD runit/lib.a
LOAD selinux/lib.a
LOAD shell/lib.a
LOAD sysklogd/lib.a
LOAD util-linux/lib.a
LOAD util-linux/volume_id/lib.a
LOAD archival/built-in.o
LOAD archival/libarchive/built-in.o
LOAD console-tools/built-in.o
LOAD coreutils/built-in.o
LOAD coreutils/libcoreutils/built-in.o
LOAD debianutils/built-in.o
LOAD klibc-utils/built-in.o
LOAD e2fsprogs/built-in.o
LOAD editors/built-in.o
LOAD findutils/built-in.o
LOAD init/built-in.o
LOAD libbb/built-in.o
LOAD libpwdgrp/built-in.o
LOAD loginutils/built-in.o
LOAD mailutils/built-in.o
LOAD miscutils/built-in.o
LOAD modutils/built-in.o
LOAD networking/built-in.o
LOAD networking/libiproute/built-in.o
LOAD networking/udhcp/built-in.o
LOAD printutils/built-in.o
LOAD procps/built-in.o
LOAD runit/built-in.o
LOAD selinux/built-in.o
LOAD shell/built-in.o
LOAD sysklogd/built-in.o
LOAD util-linux/built-in.o
LOAD util-linux/volume_id/built-in.o
END GROUP
START GROUP
LOAD /home/martin/Bureau/Cours/LA1/LPE/Partie2/srcRPI/tools-master/arm-bcm2708/gcc-linaro-arm-linux-gnueabihf-raspbian-x64/bin/../arm-linux-gnueabihf/libc/usr/lib/arm-linux-gnueabihf/libm.so
LOAD /home/martin/Bureau/Cours/LA1/LPE/Partie2/srcRPI/tools-master/arm-bcm2708/gcc-linaro-arm-linux-gnueabihf-raspbian-x64/bin/../arm-linux-gnueabihf/libc/usr/lib/arm-linux-gnueabihf/libresolv.so
LOAD /home/martin/Bureau/Cours/LA1/LPE/Partie2/srcRPI/tools-master/arm-bcm2708/gcc-linaro-arm-linux-gnueabihf-raspbian-x64/bin/../arm-linux-gnueabihf/libc/usr/lib/arm-linux-gnueabihf/librt.so
END GROUP
LOAD /home/martin/Bureau/Cours/LA1/LPE/Partie2/srcRPI/tools-master/arm-bcm2708/gcc-linaro-arm-linux-gnueabihf-raspbian-x64/bin/../lib/gcc/arm-linux-gnueabihf/4.8.3/libgcc.a
LOAD /home/martin/Bureau/Cours/LA1/LPE/Partie2/srcRPI/tools-master/arm-bcm2708/gcc-linaro-arm-linux-gnueabihf-raspbian-x64/bin/../lib/gcc/arm-linux-gnueabihf/4.8.3/libgcc_eh.a
LOAD /home/martin/Bureau/Cours/LA1/LPE/Partie2/srcRPI/tools-master/arm-bcm2708/gcc-linaro-arm-linux-gnueabihf-raspbian-x64/bin/../arm-linux-gnueabihf/libc/usr/lib/arm-linux-gnueabihf/libc.so
START GROUP
LOAD /home/martin/Bureau/Cours/LA1/LPE/Partie2/srcRPI/tools-master/arm-bcm2708/gcc-linaro-arm-linux-gnueabihf-raspbian-x64/bin/../arm-linux-gnueabihf/libc/lib/arm-linux-gnueabihf/libc.so.6
LOAD /home/martin/Bureau/Cours/LA1/LPE/Partie2/srcRPI/tools-master/arm-bcm2708/gcc-linaro-arm-linux-gnueabihf-raspbian-x64/bin/../arm-linux-gnueabihf/libc/usr/lib/arm-linux-gnueabihf/libc_nonshared.a
LOAD /home/martin/Bureau/Cours/LA1/LPE/Partie2/srcRPI/tools-master/arm-bcm2708/gcc-linaro-arm-linux-gnueabihf-raspbian-x64/bin/../arm-linux-gnueabihf/libc/lib/arm-linux-gnueabihf/ld-linux-armhf.so.3
END GROUP
LOAD /home/martin/Bureau/Cours/LA1/LPE/Partie2/srcRPI/tools-master/arm-bcm2708/gcc-linaro-arm-linux-gnueabihf-raspbian-x64/bin/../lib/gcc/arm-linux-gnueabihf/4.8.3/libgcc.a
LOAD /home/martin/Bureau/Cours/LA1/LPE/Partie2/srcRPI/tools-master/arm-bcm2708/gcc-linaro-arm-linux-gnueabihf-raspbian-x64/bin/../lib/gcc/arm-linux-gnueabihf/4.8.3/libgcc_eh.a
LOAD /home/martin/Bureau/Cours/LA1/LPE/Partie2/srcRPI/tools-master/arm-bcm2708/gcc-linaro-arm-linux-gnueabihf-raspbian-x64/bin/../lib/gcc/arm-linux-gnueabihf/4.8.3/crtend.o
LOAD /home/martin/Bureau/Cours/LA1/LPE/Partie2/srcRPI/tools-master/arm-bcm2708/gcc-linaro-arm-linux-gnueabihf-raspbian-x64/bin/../arm-linux-gnueabihf/libc/usr/lib/arm-linux-gnueabihf/crtn.o
                0x0000000000008000                PROVIDE (__executable_start, 0x8000)
                0x0000000000008134                . = (0x8000 + SIZEOF_HEADERS)

.interp         0x0000000000008134       0x19
 *(SORT(.interp))
 .interp        0x0000000000008134       0x19 /home/martin/Bureau/Cours/LA1/LPE/Partie2/srcRPI/tools-master/arm-bcm2708/gcc-linaro-arm-linux-gnueabihf-raspbian-x64/bin/../arm-linux-gnueabihf/libc/usr/lib/arm-linux-gnueabihf/crt1.o

.note.ABI-tag   0x0000000000008150       0x20
 .note.ABI-tag  0x0000000000008150       0x20 /home/martin/Bureau/Cours/LA1/LPE/Partie2/srcRPI/tools-master/arm-bcm2708/gcc-linaro-arm-linux-gnueabihf-raspbian-x64/bin/../arm-linux-gnueabihf/libc/usr/lib/arm-linux-gnueabihf/crt1.o

.note.gnu.build-id
                0x0000000000008170       0x24
 *(SORT(.note.gnu.build-id))
 .note.gnu.build-id
                0x0000000000008170       0x24 linker stubs

.hash           0x0000000000008194      0xa5c
 *(SORT(.hash))
 .hash          0x0000000000008194      0xa5c /home/martin/Bureau/Cours/LA1/LPE/Partie2/srcRPI/tools-master/arm-bcm2708/gcc-linaro-arm-linux-gnueabihf-raspbian-x64/bin/../arm-linux-gnueabihf/libc/usr/lib/arm-linux-gnueabihf/crt1.o

.gnu.hash
 *(SORT(.gnu.hash))

.dynsym         0x0000000000008bf0     0x18e0
 *(SORT(.dynsym))
 .dynsym        0x0000000000008bf0     0x18e0 /home/martin/Bureau/Cours/LA1/LPE/Partie2/srcRPI/tools-master/arm-bcm2708/gcc-linaro-arm-linux-gnueabihf-raspbian-x64/bin/../arm-linux-gnueabihf/libc/usr/lib/arm-linux-gnueabihf/crt1.o

.dynstr         0x000000000000a4d0      0xd5c
 *(SORT(.dynstr))
 .dynstr        0x000000000000a4d0      0xd5c /home/martin/Bureau/Cours/LA1/LPE/Partie2/srcRPI/tools-master/arm-bcm2708/gcc-linaro-arm-linux-gnueabihf-raspbian-x64/bin/../arm-linux-gnueabihf/libc/usr/lib/arm-linux-gnueabihf/crt1.o

.gnu.version    0x000000000000b22c      0x31c
 *(SORT(.gnu.version))
 .gnu.version   0x000000000000b22c      0x31c /home/martin/Bureau/Cours/LA1/LPE/Partie2/srcRPI/tools-master/arm-bcm2708/gcc-linaro-arm-linux-gnueabihf-raspbian-x64/bin/../arm-linux-gnueabihf/libc/usr/lib/arm-linux-gnueabihf/crt1.o

.gnu.version_d  0x000000000000b548        0x0
 *(SORT(.gnu.version_d))
 .gnu.version_d
                0x0000000000000000        0x0 /home/martin/Bureau/Cours/LA1/LPE/Partie2/srcRPI/tools-master/arm-bcm2708/gcc-linaro-arm-linux-gnueabihf-raspbian-x64/bin/../arm-linux-gnueabihf/libc/usr/lib/arm-linux-gnueabihf/crt1.o

.gnu.version_r  0x000000000000b548       0xa0
 *(SORT(.gnu.version_r))
 .gnu.version_r
                0x000000000000b548       0xa0 /home/martin/Bureau/Cours/LA1/LPE/Partie2/srcRPI/tools-master/arm-bcm2708/gcc-linaro-arm-linux-gnueabihf-raspbian-x64/bin/../arm-linux-gnueabihf/libc/usr/lib/arm-linux-gnueabihf/crt1.o

.rel.dyn        0x000000000000b5e8       0x48
 *(SORT(.rel.init))
 *(SORT(.rel.text) SORT(.rel.text.*) SORT(.rel.gnu.linkonce.t.*))
 *(SORT(.rel.fini))
 *(SORT(.rel.rodata) SORT(.rel.rodata.*) SORT(.rel.gnu.linkonce.r.*))
 *(SORT(.rel.data.rel.ro) SORT(.rel.data.rel.ro.*) SORT(.rel.gnu.linkonce.d.rel.ro.*))
 *(SORT(.rel.data) SORT(.rel.data.*) SORT(.rel.gnu.linkonce.d.*))
 *(SORT(.rel.tdata) SORT(.rel.tdata.*) SORT(.rel.gnu.linkonce.td.*))
 *(SORT(.rel.tbss) SORT(.rel.tbss.*) SORT(.rel.gnu.linkonce.tb.*))
 *(SORT(.rel.ctors))
 *(SORT(.rel.dtors))
 *(SORT(.rel.got))
 .rel.got       0x000000000000b5e8        0x8 /home/martin/Bureau/Cours/LA1/LPE/Partie2/srcRPI/tools-master/arm-bcm2708/gcc-linaro-arm-linux-gnueabihf-raspbian-x64/bin/../arm-linux-gnueabihf/libc/usr/lib/arm-linux-gnueabihf/crt1.o
 *(SORT(.rel.bss) SORT(.rel.bss.*) SORT(.rel.gnu.linkonce.b.*))
 .rel.bss       0x000000000000b5f0       0x40 /home/martin/Bureau/Cours/LA1/LPE/Partie2/srcRPI/tools-master/arm-bcm2708/gcc-linaro-arm-linux-gnueabihf-raspbian-x64/bin/../arm-linux-gnueabihf/libc/usr/lib/arm-linux-gnueabihf/crt1.o
                0x000000000000b630                PROVIDE (__rel_iplt_start, .)
 *(SORT(.rel.iplt))
 .rel.iplt      0x0000000000000000        0x0 /home/martin/Bureau/Cours/LA1/LPE/Partie2/srcRPI/tools-master/arm-bcm2708/gcc-linaro-arm-linux-gnueabihf-raspbian-x64/bin/../arm-linux-gnueabihf/libc/usr/lib/arm-linux-gnueabihf/crt1.o
                0x000000000000b630                PROVIDE (__rel_iplt_end, .)
                0x000000000000b630                PROVIDE (__rela_iplt_start, .)
                0x000000000000b630                PROVIDE (__rela_iplt_end, .)

.rela.dyn       0x000000000000b630        0x0
 *(SORT(.rela.init))
 *(SORT(.rela.text) SORT(.rela.text.*) SORT(.rela.gnu.linkonce.t.*))
 *(SORT(.rela.fini))
 *(SORT(.rela.rodata) SORT(.rela.rodata.*) SORT(.rela.gnu.linkonce.r.*))
 *(SORT(.rela.data) SORT(.rela.data.*) SORT(.rela.gnu.linkonce.d.*))
 *(SORT(.rela.tdata) SORT(.rela.tdata.*) SORT(.rela.gnu.linkonce.td.*))
 *(SORT(.rela.tbss) SORT(.rela.tbss.*) SORT(.rela.gnu.linkonce.tb.*))
 *(SORT(.rela.ctors))
 *(SORT(.rela.dtors))
 *(SORT(.rela.got))
 *(SORT(.rela.bss) SORT(.rela.bss.*) SORT(.rela.gnu.linkonce.b.*))
                0x000000000000b630                PROVIDE (__rel_iplt_start, .)
                0x000000000000b630                PROVIDE (__rel_iplt_end, .)
                0x000000000000b630                PROVIDE (__rela_iplt_start, .)
 *(SORT(.rela.iplt))
                0x000000000000b630                PROVIDE (__rela_iplt_end, .)

.rel.plt        0x000000000000b630      0xc18
 *(SORT(.rel.plt))
 .rel.plt       0x000000000000b630      0xc18 /home/martin/Bureau/Cours/LA1/LPE/Partie2/srcRPI/tools-master/arm-bcm2708/gcc-linaro-arm-linux-gnueabihf-raspbian-x64/bin/../arm-linux-gnueabihf/libc/usr/lib/arm-linux-gnueabihf/crt1.o

.rela.plt
 *(SORT(.rela.plt))

.init           0x000000000000c248        0xc
 *(SORT(.init))
 .init          0x000000000000c248        0x8 /home/martin/Bureau/Cours/LA1/LPE/Partie2/srcRPI/tools-master/arm-bcm2708/gcc-linaro-arm-linux-gnueabihf-raspbian-x64/bin/../arm-linux-gnueabihf/libc/usr/lib/arm-linux-gnueabihf/crti.o
                0x000000000000c248                _init
 .init          0x000000000000c250        0x4 /home/martin/Bureau/Cours/LA1/LPE/Partie2/srcRPI/tools-master/arm-bcm2708/gcc-linaro-arm-linux-gnueabihf-raspbian-x64/bin/../arm-linux-gnueabihf/libc/usr/lib/arm-linux-gnueabihf/crtn.o

.plt            0x000000000000c254     0x1238
 *(SORT(.plt))
 .plt           0x000000000000c254     0x1238 /home/martin/Bureau/Cours/LA1/LPE/Partie2/srcRPI/tools-master/arm-bcm2708/gcc-linaro-arm-linux-gnueabihf-raspbian-x64/bin/../arm-linux-gnueabihf/libc/usr/lib/arm-linux-gnueabihf/crt1.o
                0x000000000000c268                fdopen@@GLIBC_2.4
                0x000000000000c274                sched_get_priority_min@@GLIBC_2.4
                0x000000000000c280                fputs_unlocked@@GLIBC_2.4
                0x000000000000c28c                strstr@@GLIBC_2.4
                0x000000000000c298                gnu_dev_major@@GLIBC_2.4
                0x000000000000c2a4                ether_hostton@@GLIBC_2.4
                0x000000000000c2b0                raise@@GLIBC_2.4
                0x000000000000c2bc                cfmakeraw@@GLIBC_2.4
                0x000000000000c2c8                vasprintf@@GLIBC_2.4
                0x000000000000c2d4                sendfile64@@GLIBC_2.4
                0x000000000000c2e0                gmtime_r@@GLIBC_2.4
                0x000000000000c2ec                log@@GLIBC_2.4
                0x000000000000c2f8                utimensat@@GLIBC_2.6
                0x000000000000c304                strverscmp@@GLIBC_2.4
                0x000000000000c310                inet_aton@@GLIBC_2.4
                0x000000000000c31c                fsync@@GLIBC_2.4
                0x000000000000c328                setitimer@@GLIBC_2.4
                0x000000000000c334                setbuf@@GLIBC_2.4
                0x000000000000c340                strcasestr@@GLIBC_2.4
                0x000000000000c34c                strcmp@@GLIBC_2.4
                0x000000000000c358                ns_name_uncompress@@GLIBC_2.9
                0x000000000000c364                strtol@@GLIBC_2.4
                0x000000000000c370                setsockopt@@GLIBC_2.4
                0x000000000000c37c                strcspn@@GLIBC_2.4
                0x000000000000c388                times@@GLIBC_2.4
                0x000000000000c394                gnu_dev_makedev@@GLIBC_2.4
                0x000000000000c3a0                dprintf@@GLIBC_2.4
                0x000000000000c3ac                pause@@GLIBC_2.4
                0x000000000000c3b8                clearenv@@GLIBC_2.4
                0x000000000000c3c4                printf@@GLIBC_2.4
                0x000000000000c3d0                hstrerror@@GLIBC_2.4
                0x000000000000c3dc                alphasort64@@GLIBC_2.4
                0x000000000000c3e8                gnu_dev_minor@@GLIBC_2.4
                0x000000000000c3f4                getusershell@@GLIBC_2.4
                0x000000000000c400                regerror@@GLIBC_2.4
                0x000000000000c40c                setrlimit64@@GLIBC_2.4
                0x000000000000c418                getifaddrs@@GLIBC_2.4
                0x000000000000c424                read@@GLIBC_2.4
                0x000000000000c430                tcflush@@GLIBC_2.4
                0x000000000000c43c                mktime@@GLIBC_2.4
                0x000000000000c448                longjmp@@GLIBC_2.4
                0x000000000000c454                fflush@@GLIBC_2.4
                0x000000000000c460                utmpxname@@GLIBC_2.4
                0x000000000000c46c                getuid@@GLIBC_2.4
                0x000000000000c478                sigprocmask@@GLIBC_2.4
                0x000000000000c484                _setjmp@@GLIBC_2.4
                0x000000000000c490                memmove@@GLIBC_2.4
                0x000000000000c49c                lsetxattr@@GLIBC_2.4
                0x000000000000c4a8                strchrnul@@GLIBC_2.4
                0x000000000000c4b4                free@@GLIBC_2.4
                0x000000000000c4c0                unshare@@GLIBC_2.4
                0x000000000000c4cc                getresgid@@GLIBC_2.4
                0x000000000000c4d8                nanosleep@@GLIBC_2.4
                0x000000000000c4e4                fileno_unlocked@@GLIBC_2.4
                0x000000000000c4f0                strndup@@GLIBC_2.4
                0x000000000000c4fc                inet_pton@@GLIBC_2.4
                0x000000000000c508                _exit@@GLIBC_2.4
                0x000000000000c514                pututxline@@GLIBC_2.4
                0x000000000000c520                memcpy@@GLIBC_2.4
                0x000000000000c52c                tcsendbreak@@GLIBC_2.4
                0x000000000000c538                pivot_root@@GLIBC_2.4
                0x000000000000c544                execvp@@GLIBC_2.4
                0x000000000000c550                execlp@@GLIBC_2.4
                0x000000000000c55c                mmap64@@GLIBC_2.4
                0x000000000000c568                shmget@@GLIBC_2.4
                0x000000000000c574                signal@@GLIBC_2.4
                0x000000000000c580                time@@GLIBC_2.4
                0x000000000000c58c                rmdir@@GLIBC_2.4
                0x000000000000c598                gethostid@@GLIBC_2.4
                0x000000000000c5a4                tcsetpgrp@@GLIBC_2.4
                0x000000000000c5b0                sendmsg@@GLIBC_2.4
                0x000000000000c5bc                pow@@GLIBC_2.4
                0x000000000000c5c8                ftruncate64@@GLIBC_2.4
                0x000000000000c5d4                memcmp@@GLIBC_2.4
                0x000000000000c5e0                inet_ntoa@@GLIBC_2.4
                0x000000000000c5ec                select@@GLIBC_2.4
                0x000000000000c5f8                swapon@@GLIBC_2.4
                0x000000000000c604                sleep@@GLIBC_2.4
                0x000000000000c610                stpcpy@@GLIBC_2.4
                0x000000000000c61c                fputc_unlocked@@GLIBC_2.4
                0x000000000000c628                freeifaddrs@@GLIBC_2.4
                0x000000000000c634                getc_unlocked@@GLIBC_2.4
                0x000000000000c640                uname@@GLIBC_2.4
                0x000000000000c64c                ctime@@GLIBC_2.4
                0x000000000000c658                removexattr@@GLIBC_2.4
                0x000000000000c664                gethostbyaddr@@GLIBC_2.4
                0x000000000000c670                recvfrom@@GLIBC_2.4
                0x000000000000c67c                strdup@@GLIBC_2.4
                0x000000000000c688                setutxent@@GLIBC_2.4
                0x000000000000c694                cfgetispeed@@GLIBC_2.4
                0x000000000000c6a0                rewind@@GLIBC_2.4
                0x000000000000c6ac                alarm@@GLIBC_2.4
                0x000000000000c6b8                msgctl@@GLIBC_2.4
                0x000000000000c6c4                sysconf@@GLIBC_2.4
                0x000000000000c6d0                unlink@@GLIBC_2.4
                0x000000000000c6dc                dup2@@GLIBC_2.4
                0x000000000000c6e8                reboot@@GLIBC_2.4
                0x000000000000c6f4                getrlimit64@@GLIBC_2.4
                0x000000000000c700                realloc@@GLIBC_2.4
                0x000000000000c70c                killpg@@GLIBC_2.4
                0x000000000000c718                strptime@@GLIBC_2.4
                0x000000000000c724                dup@@GLIBC_2.4
                0x000000000000c730                socketpair@@GLIBC_2.4
                0x000000000000c73c                atoll@@GLIBC_2.4
                0x000000000000c748                getpriority@@GLIBC_2.4
                0x000000000000c754                sigismember@@GLIBC_2.4
                0x000000000000c760                regexec@@GLIBC_2.4
                0x000000000000c76c                localtime_r@@GLIBC_2.4
                0x000000000000c778                wait@@GLIBC_2.4
                0x000000000000c784                getlogin_r@@GLIBC_2.4
                0x000000000000c790                ns_initparse@@GLIBC_2.9
                0x000000000000c79c                shmat@@GLIBC_2.4
                0x000000000000c7a8                sigisemptyset@@GLIBC_2.4
                0x000000000000c7b4                chdir@@GLIBC_2.4
                0x000000000000c7c0                strcasecmp@@GLIBC_2.4
                0x000000000000c7cc                getpgrp@@GLIBC_2.4
                0x000000000000c7d8                unlockpt@@GLIBC_2.4
                0x000000000000c7e4                geteuid@@GLIBC_2.4
                0x000000000000c7f0                strsignal@@GLIBC_2.4
                0x000000000000c7fc                tzset@@GLIBC_2.4
                0x000000000000c808                poll@@GLIBC_2.4
                0x000000000000c814                accept@@GLIBC_2.4
                0x000000000000c820                setgroups@@GLIBC_2.4
                0x000000000000c82c                cfsetospeed@@GLIBC_2.4
                0x000000000000c838                semop@@GLIBC_2.4
                0x000000000000c844                seteuid@@GLIBC_2.4
                0x000000000000c850                __fxstat64@@GLIBC_2.4
                0x000000000000c85c                readlink@@GLIBC_2.4
                0x000000000000c868                getegid@@GLIBC_2.4
                0x000000000000c874                sigaction@@GLIBC_2.4
                0x000000000000c880                fwrite@@GLIBC_2.4
                0x000000000000c88c                strcat@@GLIBC_2.4
                0x000000000000c898                getsockopt@@GLIBC_2.4
                0x000000000000c8a4                ioctl@@GLIBC_2.4
                0x000000000000c8b0                sched_getscheduler@@GLIBC_2.4
                0x000000000000c8bc                lseek64@@GLIBC_2.4
                0x000000000000c8c8                regfree@@GLIBC_2.4
                0x000000000000c8d4                strtoll@@GLIBC_2.4
                0x000000000000c8e0                capget@@GLIBC_2.4
                0x000000000000c8ec                usleep@@GLIBC_2.4
                0x000000000000c8f8                readahead@@GLIBC_2.4
                0x000000000000c904                waitpid@@GLIBC_2.4
                0x000000000000c910                hasmntopt@@GLIBC_2.4
                0x000000000000c91c                tcsetattr@@GLIBC_2.4
                0x000000000000c928                munlock@@GLIBC_2.4
                0x000000000000c934                strcpy@@GLIBC_2.4
                0x000000000000c940                chroot@@GLIBC_2.4
                0x000000000000c94c                gettimeofday@@GLIBC_2.4
                0x000000000000c958                fread@@GLIBC_2.4
                0x000000000000c964                pread64@@GLIBC_2.4
                0x000000000000c970                sched_yield@@GLIBC_2.4
                0x000000000000c97c                ptsname_r@@GLIBC_2.4
                0x000000000000c988                ferror_unlocked@@GLIBC_2.4
                0x000000000000c994                shmctl@@GLIBC_2.4
                0x000000000000c9a0                creat64@@GLIBC_2.4
                0x000000000000c9ac                strtok_r@@GLIBC_2.4
                0x000000000000c9b8                daemon@@GLIBC_2.4
                0x000000000000c9c4                getmntent@@GLIBC_2.4
                0x000000000000c9d0                opendir@@GLIBC_2.4
                0x000000000000c9dc                umount2@@GLIBC_2.4
                0x000000000000c9e8                setxattr@@GLIBC_2.4
                0x000000000000c9f4                fnmatch@@GLIBC_2.4
                0x000000000000ca00                open64@@GLIBC_2.4
                0x000000000000ca0c                sched_get_priority_max@@GLIBC_2.4
                0x000000000000ca18                getenv@@GLIBC_2.4
                0x000000000000ca24                setpriority@@GLIBC_2.4
                0x000000000000ca30                mkstemp64@@GLIBC_2.4
                0x000000000000ca3c                puts@@GLIBC_2.4
                0x000000000000ca48                setgid@@GLIBC_2.4
                0x000000000000ca54                sysinfo@@GLIBC_2.4
                0x000000000000ca60                malloc@@GLIBC_2.4
                0x000000000000ca6c                settimeofday@@GLIBC_2.4
                0x000000000000ca78                sigaddset@@GLIBC_2.4
                0x000000000000ca84                __libc_start_main@@GLIBC_2.4
                0x000000000000ca90                strerror@@GLIBC_2.4
                0x000000000000ca9c                system@@GLIBC_2.4
                0x000000000000caa8                strftime@@GLIBC_2.4
                0x000000000000cab4                tcdrain@@GLIBC_2.4
                0x000000000000cac0                __h_errno_location@@GLIBC_2.4
                0x000000000000cacc                adjtimex@@GLIBC_2.4
                0x000000000000cad8                localtime@@GLIBC_2.4
                0x000000000000cae4                strsep@@GLIBC_2.4
                0x000000000000caf0                lremovexattr@@GLIBC_2.4
                0x000000000000cafc                mktemp@@GLIBC_2.4
                0x000000000000cb08                scanf@@GLIBC_2.4
                0x000000000000cb14                closelog@@GLIBC_2.4
                0x000000000000cb20                sethostname@@GLIBC_2.4
                0x000000000000cb2c                dirname@@GLIBC_2.4
                0x000000000000cb44                freopen64@@GLIBC_2.4
                0x000000000000cb50                mempcpy@@GLIBC_2.4
                0x000000000000cb5c                rename@@GLIBC_2.4
                0x000000000000cb68                getopt_long@@GLIBC_2.4
                0x000000000000cb74                kill@@GLIBC_2.4
                0x000000000000cb80                getcwd@@GLIBC_2.4
                0x000000000000cb8c                getpid@@GLIBC_2.4
                0x000000000000cb98                exit@@GLIBC_2.4
                0x000000000000cba4                syscall@@GLIBC_2.4
                0x000000000000cbb0                sin@@GLIBC_2.4
                0x000000000000cbbc                flock@@GLIBC_2.4
                0x000000000000cbc8                strtoul@@GLIBC_2.4
                0x000000000000cbd4                tcgetpgrp@@GLIBC_2.4
                0x000000000000cbe0                strlen@@GLIBC_2.4
                0x000000000000cbec                getchar_unlocked@@GLIBC_2.4
                0x000000000000cbf8                setsid@@GLIBC_2.4
                0x000000000000cc04                vprintf@@GLIBC_2.4
                0x000000000000cc10                setpgrp@@GLIBC_2.4
                0x000000000000cc1c                __libc_current_sigrtmax@@GLIBC_2.4
                0x000000000000cc28                sched_getparam@@GLIBC_2.4
                0x000000000000cc34                strchr@@GLIBC_2.4
                0x000000000000cc40                srand@@GLIBC_2.4
                0x000000000000cc4c                setenv@@GLIBC_2.4
                0x000000000000cc58                personality@@GLIBC_2.4
                0x000000000000cc64                memrchr@@GLIBC_2.4
                0x000000000000cc70                ttyname_r@@GLIBC_2.4
                0x000000000000cc7c                fchown@@GLIBC_2.4
                0x000000000000cc88                execve@@GLIBC_2.4
                0x000000000000cc94                nice@@GLIBC_2.4
                0x000000000000cca0                getopt@@GLIBC_2.4
                0x000000000000ccac                fprintf@@GLIBC_2.4
                0x000000000000ccb8                cfsetispeed@@GLIBC_2.4
                0x000000000000ccc4                chown@@GLIBC_2.4
                0x000000000000ccd0                ungetc@@GLIBC_2.4
                0x000000000000ccdc                fcntl@@GLIBC_2.4
                0x000000000000cce8                grantpt@@GLIBC_2.4
                0x000000000000ccf4                execv@@GLIBC_2.4
                0x000000000000cd00                sqrt@@GLIBC_2.4
                0x000000000000cd0c                cfgetospeed@@GLIBC_2.4
                0x000000000000cd18                sigfillset@@GLIBC_2.4
                0x000000000000cd24                __errno_location@@GLIBC_2.4
                0x000000000000cd30                strncasecmp@@GLIBC_2.4
                0x000000000000cd3c                getservbyname@@GLIBC_2.4
                0x000000000000cd48                klogctl@@GLIBC_2.4
                0x000000000000cd54                snprintf@@GLIBC_2.4
                0x000000000000cd60                mkdir@@GLIBC_2.4
                0x000000000000cd6c                semget@@GLIBC_2.4
                0x000000000000cd78                bind@@GLIBC_2.4
                0x000000000000cd84                setvbuf@@GLIBC_2.4
                0x000000000000cd90                getservbyport@@GLIBC_2.4
                0x000000000000cd9c                getgid@@GLIBC_2.4
                0x000000000000cda8                memset@@GLIBC_2.4
                0x000000000000cdb4                getmntent_r@@GLIBC_2.4
                0x000000000000cdc0                bsearch@@GLIBC_2.4
                0x000000000000cdcc                sigtimedwait@@GLIBC_2.4
                0x000000000000cdd8                utimes@@GLIBC_2.4
                0x000000000000cde4                strncpy@@GLIBC_2.4
                0x000000000000cdf0                fscanf@@GLIBC_2.4
                0x000000000000cdfc                mallopt@@GLIBC_2.4
                0x000000000000ce08                sigsuspend@@GLIBC_2.4
                0x000000000000ce14                strtoull@@GLIBC_2.4
                0x000000000000ce20                ns_get16@@GLIBC_2.9
                0x000000000000ce2c                gmtime@@GLIBC_2.4
                0x000000000000ce38                wait3@@GLIBC_2.4
                0x000000000000ce44                statvfs64@@GLIBC_2.4
                0x000000000000ce50                prctl@@GLIBC_2.4
                0x000000000000ce5c                strtod@@GLIBC_2.4
                0x000000000000ce68                stpncpy@@GLIBC_2.4
                0x000000000000ce74                link@@GLIBC_2.4
                0x000000000000ce80                write@@GLIBC_2.4
                0x000000000000ce8c                sigdelset@@GLIBC_2.4
                0x000000000000ce98                mlock@@GLIBC_2.4
                0x000000000000cea4                asprintf@@GLIBC_2.4
                0x000000000000ceb0                getopt_long_only@@GLIBC_2.4
                0x000000000000cebc                ether_aton_r@@GLIBC_2.4
                0x000000000000cec8                shmdt@@GLIBC_2.4
                0x000000000000ced4                vfork@@GLIBC_2.4
                0x000000000000cee0                memchr@@GLIBC_2.4
                0x000000000000ceec                sched_setaffinity@@GLIBC_2.4
                0x000000000000cef8                access@@GLIBC_2.4
                0x000000000000cf04                rand@@GLIBC_2.4
                0x000000000000cf10                setegid@@GLIBC_2.4
                0x000000000000cf1c                fclose@@GLIBC_2.4
                0x000000000000cf28                getsid@@GLIBC_2.4
                0x000000000000cf34                clock_settime@@GLIBC_2.4
                0x000000000000cf40                strnlen@@GLIBC_2.4
                0x000000000000cf4c                pipe@@GLIBC_2.4
                0x000000000000cf58                fseeko64@@GLIBC_2.4
                0x000000000000cf64                endmntent@@GLIBC_2.4
                0x000000000000cf70                munmap@@GLIBC_2.4
                0x000000000000cf7c                posix_fallocate64@@GLIBC_2.4
                0x000000000000cf88                glob64@@GLIBC_2.4
                0x000000000000cf94                semctl@@GLIBC_2.4
                0x000000000000cfa0                sendto@@GLIBC_2.4
                0x000000000000cfac                shutdown@@GLIBC_2.4
                0x000000000000cfb8                endutxent@@GLIBC_2.4
                0x000000000000cfc4                sigemptyset@@GLIBC_2.4
                0x000000000000cfd0                popen@@GLIBC_2.4
                0x000000000000cfdc                getresuid@@GLIBC_2.4
                0x000000000000cfe8                fork@@GLIBC_2.4
                0x000000000000cff4                execle@@GLIBC_2.4
                0x000000000000d000                putenv@@GLIBC_2.4
                0x000000000000d00c                getnameinfo@@GLIBC_2.4
                0x000000000000d018                execl@@GLIBC_2.4
                0x000000000000d024                strrchr@@GLIBC_2.4
                0x000000000000d030                listen@@GLIBC_2.4
                0x000000000000d03c                vfprintf@@GLIBC_2.4
                0x000000000000d048                ns_parserr@@GLIBC_2.9
                0x000000000000d054                statfs64@@GLIBC_2.4
                0x000000000000d060                __sigsetjmp@@GLIBC_2.4
                0x000000000000d06c                lchown@@GLIBC_2.4
                0x000000000000d078                fputc@@GLIBC_2.4
                0x000000000000d084                globfree64@@GLIBC_2.4
                0x000000000000d090                syslog@@GLIBC_2.4
                0x000000000000d09c                setresuid@@GLIBC_2.4
                0x000000000000d0a8                symlink@@GLIBC_2.4
                0x000000000000d0b4                updwtmpx@@GLIBC_2.4
                0x000000000000d0c0                setuid@@GLIBC_2.4
                0x000000000000d0cc                sscanf@@GLIBC_2.4
                0x000000000000d0d8                setpgid@@GLIBC_2.4
                0x000000000000d0e4                clearerr@@GLIBC_2.4
                0x000000000000d0f0                sprintf@@GLIBC_2.4
                0x000000000000d0fc                readdir64@@GLIBC_2.4
                0x000000000000d108                mkdtemp@@GLIBC_2.4
                0x000000000000d114                timegm@@GLIBC_2.4
                0x000000000000d120                openlog@@GLIBC_2.4
                0x000000000000d12c                futimens@@GLIBC_2.6
                0x000000000000d138                regcomp@@GLIBC_2.4
                0x000000000000d144                getgroups@@GLIBC_2.4
                0x000000000000d150                exp@@GLIBC_2.4
                0x000000000000d15c                getsockname@@GLIBC_2.4
                0x000000000000d168                vsnprintf@@GLIBC_2.4
                0x000000000000d174                getppid@@GLIBC_2.4
                0x000000000000d180                atoi@@GLIBC_2.4
                0x000000000000d18c                recvmsg@@GLIBC_2.4
                0x000000000000d198                fchdir@@GLIBC_2.4
                0x000000000000d1a4                fopen64@@GLIBC_2.4
                0x000000000000d1b0                qsort@@GLIBC_2.4
                0x000000000000d1bc                getpeername@@GLIBC_2.4
                0x000000000000d1c8                strpbrk@@GLIBC_2.4
                0x000000000000d1d4                msgget@@GLIBC_2.4
                0x000000000000d1e0                freeaddrinfo@@GLIBC_2.4
                0x000000000000d1ec                getaddrinfo@@GLIBC_2.4
                0x000000000000d1f8                acct@@GLIBC_2.4
                0x000000000000d204                capset@@GLIBC_2.4
                0x000000000000d210                inet_ntop@@GLIBC_2.4
                0x000000000000d21c                fgets_unlocked@@GLIBC_2.4
                0x000000000000d228                socket@@GLIBC_2.4
                0x000000000000d234                sched_getaffinity@@GLIBC_2.4
                0x000000000000d240                clock_gettime@@GLIBC_2.4
                0x000000000000d24c                setmntent@@GLIBC_2.4
                0x000000000000d258                ns_get32@@GLIBC_2.9
                0x000000000000d264                cfsetspeed@@GLIBC_2.4
                0x000000000000d270                atof@@GLIBC_2.4
                0x000000000000d27c                __cmsg_nxthdr@@GLIBC_2.4
                0x000000000000d288                sync@@GLIBC_2.4
                0x000000000000d294                getline@@GLIBC_2.4
                0x000000000000d2a0                __libc_current_sigrtmin@@GLIBC_2.4
                0x000000000000d2ac                if_nametoindex@@GLIBC_2.4
                0x000000000000d2b8                umask@@GLIBC_2.4
                0x000000000000d2c4                swapoff@@GLIBC_2.4
                0x000000000000d2d0                chmod@@GLIBC_2.4
                0x000000000000d2dc                scandir64@@GLIBC_2.4
                0x000000000000d2e8                gethostbyname@@GLIBC_2.4
                0x000000000000d2f4                __xstat64@@GLIBC_2.4
                0x000000000000d300                isatty@@GLIBC_2.4
                0x000000000000d30c                __xmknod@@GLIBC_2.4
                0x000000000000d318                unsetenv@@GLIBC_2.4
                0x000000000000d324                __res_mkquery@@GLIBC_2.4
                0x000000000000d330                fputs@@GLIBC_2.4
                0x000000000000d33c                strncmp@@GLIBC_2.4
                0x000000000000d348                fdatasync@@GLIBC_2.4
                0x000000000000d354                abort@@GLIBC_2.4
                0x000000000000d360                feof_unlocked@@GLIBC_2.4
                0x000000000000d36c                getutxent@@GLIBC_2.4
                0x000000000000d378                recv@@GLIBC_2.4
                0x000000000000d384                realpath@@GLIBC_2.4
                0x000000000000d390                siglongjmp@@GLIBC_2.4
                0x000000000000d39c                close@@GLIBC_2.4
                0x000000000000d3a8                __lxstat64@@GLIBC_2.4
                0x000000000000d3b4                setresgid@@GLIBC_2.4
                0x000000000000d3c0                mkfifo@@GLIBC_2.4
                0x000000000000d3cc                send@@GLIBC_2.4
                0x000000000000d3d8                connect@@GLIBC_2.4
                0x000000000000d3e4                closedir@@GLIBC_2.4
                0x000000000000d3f0                div@@GLIBC_2.4
                0x000000000000d3fc                atan2@@GLIBC_2.4
                0x000000000000d408                sched_setscheduler@@GLIBC_2.4
                0x000000000000d414                putchar_unlocked@@GLIBC_2.4
                0x000000000000d420                strspn@@GLIBC_2.4
                0x000000000000d42c                fchmod@@GLIBC_2.4
                0x000000000000d438                cos@@GLIBC_2.4
                0x000000000000d444                tcgetattr@@GLIBC_2.4
                0x000000000000d450                putc_unlocked@@GLIBC_2.4
                0x000000000000d45c                tcgetsid@@GLIBC_2.4
                0x000000000000d468                ftello64@@GLIBC_2.4
                0x000000000000d474                pclose@@GLIBC_2.4
                0x000000000000d480                mount@@GLIBC_2.4

.iplt           0x000000000000d48c        0x0
 *(SORT(.iplt))
 .iplt          0x0000000000000000        0x0 /home/martin/Bureau/Cours/LA1/LPE/Partie2/srcRPI/tools-master/arm-bcm2708/gcc-linaro-arm-linux-gnueabihf-raspbian-x64/bin/../arm-linux-gnueabihf/libc/usr/lib/arm-linux-gnueabihf/crt1.o

.text           0x000000000000d490    0xdf468
 *(SORT(.text.unlikely) SORT(.text.*_unlikely) SORT(.text.unlikely.*))
 *(SORT(.text.exit) SORT(.text.exit.*))
 *(SORT(.text.startup) SORT(.text.startup.*))
 *(SORT(.text.hot) SORT(.text.hot.*))
 *(SORT(.text) SORT(.stub) SORT(.text.*) SORT(.gnu.linkonce.t.*))
 .text.brctl_main
                0x000000000000d490      0x790 networking/lib.a(brctl.o)
                0x000000000000d490                brctl_main
 .text.my_SQRT  0x000000000000dc20       0x50 networking/lib.a(ntpd.o)
 .text.lfp_to_d
                0x000000000000dc70       0x48 networking/lib.a(ntpd.o)
 .text.sfp_to_d
                0x000000000000dcb8       0x50 networking/lib.a(ntpd.o)
 .text.d_to_lfp
                0x000000000000dd08       0x40 networking/lib.a(ntpd.o)
 .text.d_to_sfp
                0x000000000000dd48       0x58 networking/lib.a(ntpd.o)
 .text.filter_datapoints
                0x000000000000dda0      0x100 networking/lib.a(ntpd.o)
 .text.reset_peer_stats
                0x000000000000dea0       0xb0 networking/lib.a(ntpd.o)
 .text.add_peers
                0x000000000000df50       0xf8 networking/lib.a(ntpd.o)
 .text.select_and_cluster
                0x000000000000e048      0x4d8 networking/lib.a(ntpd.o)
 .text.gettime1900d
                0x000000000000e520       0x58 networking/lib.a(ntpd.o)
 .text.step_time
                0x000000000000e578      0x168 networking/lib.a(ntpd.o)
 .text.update_local_clock
                0x000000000000e6e0      0x368 networking/lib.a(ntpd.o)
 .text.recv_and_process_peer_pkt
                0x000000000000ea48      0x448 networking/lib.a(ntpd.o)
 .text.ntpd_main
                0x000000000000ee90      0x570 networking/lib.a(ntpd.o)
                0x000000000000ee90                ntpd_main
 .text.common_ping_main
                0x000000000000f400      0xc78 networking/lib.a(ping.o)
 .text.cbq_print_opt
                0x0000000000010078      0x288 networking/lib.a(tc.o)
 .text.percent_value
                0x0000000000010300       0x70 procps/lib.a(iostat.o)
 .text.percent_value
                0x0000000000010370       0x70 procps/lib.a(mpstat.o)
 .text.write_stats_core
                0x00000000000103e0      0x540 procps/lib.a(mpstat.o)
 .text.powertop_main
                0x0000000000010920      0x628 procps/lib.a(powertop.o)
                0x0000000000010920                powertop_main
 .text.handle_input
                0x0000000000010f48      0x2d8 procps/lib.a(top.o)
 .text.top_main
                0x0000000000011220      0x470 procps/lib.a(top.o)
                0x0000000000011220                top_main
 .text.showmode
                0x0000000000011690      0x1a8 util-linux/lib.a(fbset.o)
 .text.script_main
                0x0000000000011838      0x498 util-linux/lib.a(script.o)
                0x0000000000011838                script_main
 .text.scriptreplay_main
                0x0000000000011cd0       0xc8 util-linux/lib.a(scriptreplay.o)
                0x0000000000011cd0                scriptreplay_main
 .text.dd_output_status
                0x0000000000011d98      0x288 coreutils/lib.a(dd.o)
 .text.seq_main
                0x0000000000012020      0x218 coreutils/lib.a(seq.o)
                0x0000000000012020                seq_main
 .text.sleep_main
                0x0000000000012238       0xa8 coreutils/lib.a(sleep.o)
                0x0000000000012238                sleep_main
 .text.compare_keys
                0x00000000000122e0      0x380 coreutils/lib.a(sort.o)
 .text.incvar   0x0000000000012660       0x28 editors/lib.a(awk.o)
 .text.next_input_file
                0x0000000000012688      0x108 editors/lib.a(awk.o)
 .text.evaluate
                0x0000000000012790      0xfb8 editors/lib.a(awk.o)
 .text.exec_builtin
                0x0000000000013748      0x540 editors/lib.a(awk.o)
 .text.awk_main
                0x0000000000013c88      0x450 editors/lib.a(awk.o)
                0x0000000000013c88                awk_main
 .text.bootchartd_main
                0x00000000000140d8      0x558 init/lib.a(bootchartd.o)
                0x00000000000140d8                bootchartd_main
 .text.sleep_for_duration
                0x0000000000014630       0x70 libbb/lib.a(duration.o)
                0x0000000000014630                sleep_for_duration
 .text          0x00000000000146a0       0x48 /home/martin/Bureau/Cours/LA1/LPE/Partie2/srcRPI/tools-master/arm-bcm2708/gcc-linaro-arm-linux-gnueabihf-raspbian-x64/bin/../lib/gcc/arm-linux-gnueabihf/4.8.3/libgcc.a(_fixunsdfdi.o)
                0x00000000000146a0                __aeabi_d2ulz
                0x00000000000146a0                __fixunsdfdi
 .text          0x00000000000146e8       0x3c /home/martin/Bureau/Cours/LA1/LPE/Partie2/srcRPI/tools-master/arm-bcm2708/gcc-linaro-arm-linux-gnueabihf-raspbian-x64/bin/../arm-linux-gnueabihf/libc/usr/lib/arm-linux-gnueabihf/crt1.o
                0x00000000000146e8                _start
 .text          0x0000000000014724       0x24 /home/martin/Bureau/Cours/LA1/LPE/Partie2/srcRPI/tools-master/arm-bcm2708/gcc-linaro-arm-linux-gnueabihf-raspbian-x64/bin/../arm-linux-gnueabihf/libc/usr/lib/arm-linux-gnueabihf/crti.o
 .text          0x0000000000014748       0xc4 /home/martin/Bureau/Cours/LA1/LPE/Partie2/srcRPI/tools-master/arm-bcm2708/gcc-linaro-arm-linux-gnueabihf-raspbian-x64/bin/../lib/gcc/arm-linux-gnueabihf/4.8.3/crtbegin.o
 .text.get_trimmed_slice
                0x000000000001480c       0x30 libbb/lib.a(appletlib.o)
 .text.string_array_len
                0x000000000001483c       0x24 libbb/lib.a(appletlib.o)
                0x000000000001483c                string_array_len
 .text.find_applet_by_name
                0x0000000000014860       0xb4 libbb/lib.a(appletlib.o)
                0x0000000000014860                find_applet_by_name
 .text.bb_show_usage
                0x0000000000014914       0xd8 libbb/lib.a(appletlib.o)
                0x0000000000014914                bb_show_usage
 .text.find_script_by_name
                0x00000000000149ec       0x38 libbb/lib.a(appletlib.o)
 .text.scripted_main
                0x0000000000014a24       0x38 libbb/lib.a(appletlib.o)
                0x0000000000014a24                scripted_main
 .text.parse_config_file
                0x0000000000014a5c      0x310 libbb/lib.a(appletlib.o)
 .text.lbb_prepare
                0x0000000000014d6c       0x28 libbb/lib.a(appletlib.o)
                0x0000000000014d6c                lbb_prepare
 .text.get_script_content
                0x0000000000014d94       0x4c libbb/lib.a(appletlib.o)
                0x0000000000014d94                get_script_content
 .text.show_usage_if_dash_dash_help
                0x0000000000014de0       0x64 libbb/lib.a(appletlib.o)
                0x0000000000014de0                show_usage_if_dash_dash_help
 .text.run_applet_no_and_exit
                0x0000000000014e44      0x1f0 libbb/lib.a(appletlib.o)
                0x0000000000014e44                run_applet_no_and_exit
 .text.run_applet_and_exit
                0x0000000000015034      0x3ec libbb/lib.a(appletlib.o)
 .text.main     0x0000000000015420       0x68 libbb/lib.a(appletlib.o)
                0x0000000000015420                main
 .text.is_prefixed_with
                0x0000000000015488       0x30 libbb/lib.a(compare_string_array.o)
                0x0000000000015488                is_prefixed_with
 .text.is_suffixed_with
                0x00000000000154b8       0x50 libbb/lib.a(compare_string_array.o)
                0x00000000000154b8                is_suffixed_with
 .text.index_in_strings
                0x0000000000015508       0x64 libbb/lib.a(compare_string_array.o)
                0x0000000000015508                index_in_strings
 .text.index_in_substrings
                0x000000000001556c       0x90 libbb/lib.a(compare_string_array.o)
                0x000000000001556c                index_in_substrings
 .text.nth_string
                0x00000000000155fc       0x34 libbb/lib.a(compare_string_array.o)
                0x00000000000155fc                nth_string
 .text.concat_path_file
                0x0000000000015630       0x68 libbb/lib.a(concat_path_file.o)
                0x0000000000015630                concat_path_file
 .text.bb_basename
                0x0000000000015698       0x20 libbb/lib.a(get_last_path_component.o)
                0x0000000000015698                bb_basename
 .text.bb_get_last_path_component_nostrip
                0x00000000000156b8       0x3c libbb/lib.a(get_last_path_component.o)
                0x00000000000156b8                bb_get_last_path_component_nostrip
 .text.bb_get_last_path_component_strip
                0x00000000000156f4       0x44 libbb/lib.a(get_last_path_component.o)
                0x00000000000156f4                bb_get_last_path_component_strip
 .text.last_char_is
                0x0000000000015738       0x38 libbb/lib.a(last_char_is.o)
                0x0000000000015738                last_char_is
 .text.llist_add_to
                0x0000000000015770       0x28 libbb/lib.a(llist.o)
                0x0000000000015770                llist_add_to
 .text.llist_add_to_end
                0x0000000000015798       0x30 libbb/lib.a(llist.o)
                0x0000000000015798                llist_add_to_end
 .text.llist_pop
                0x00000000000157c8       0x2c libbb/lib.a(llist.o)
                0x00000000000157c8                llist_pop
 .text.llist_unlink
                0x00000000000157f4       0x34 libbb/lib.a(llist.o)
                0x00000000000157f4                llist_unlink
 .text.llist_free
                0x0000000000015828       0x3c libbb/lib.a(llist.o)
                0x0000000000015828                llist_free
 .text.llist_rev
                0x0000000000015864       0x24 libbb/lib.a(llist.o)
                0x0000000000015864                llist_rev
 .text.llist_find_str
                0x0000000000015888       0x34 libbb/lib.a(llist.o)
                0x0000000000015888                llist_find_str
 .text.bb_perror_msg
                0x00000000000158bc       0x4c libbb/lib.a(perror_msg.o)
                0x00000000000158bc                bb_perror_msg
 .text.bb_perror_msg_and_die
                0x0000000000015908       0x40 libbb/lib.a(perror_msg.o)
                0x0000000000015908                bb_perror_msg_and_die
 .text.bb_simple_perror_msg
                0x0000000000015948       0x10 libbb/lib.a(perror_msg.o)
                0x0000000000015948                bb_simple_perror_msg
 .text.bb_simple_perror_msg_and_die
                0x0000000000015958       0x14 libbb/lib.a(perror_msg.o)
                0x0000000000015958                bb_simple_perror_msg_and_die
 .text.skip_whitespace
                0x000000000001596c       0x20 libbb/lib.a(skip_whitespace.o)
                0x000000000001596c                skip_whitespace
 .text.skip_non_whitespace
                0x000000000001598c       0x24 libbb/lib.a(skip_whitespace.o)
                0x000000000001598c                skip_non_whitespace
 .text.skip_dev_pfx
                0x00000000000159b0       0x20 libbb/lib.a(skip_whitespace.o)
                0x00000000000159b0                skip_dev_pfx
 .text.bb_verror_msg
                0x00000000000159d0      0x214 libbb/lib.a(verror_msg.o)
                0x00000000000159d0                bb_verror_msg
 .text.bb_error_msg_and_die
                0x0000000000015be4       0x20 libbb/lib.a(verror_msg.o)
                0x0000000000015be4                bb_error_msg_and_die
 .text.bb_error_msg
                0x0000000000015c04       0x2c libbb/lib.a(verror_msg.o)
                0x0000000000015c04                bb_error_msg
 .text.bb_vinfo_msg
                0x0000000000015c30       0x28 libbb/lib.a(verror_msg.o)
                0x0000000000015c30                bb_vinfo_msg
 .text.bb_info_msg
                0x0000000000015c58       0x28 libbb/lib.a(verror_msg.o)
                0x0000000000015c58                bb_info_msg
 .text.bb_simple_info_msg
                0x0000000000015c80       0x10 libbb/lib.a(verror_msg.o)
                0x0000000000015c80                bb_simple_info_msg
 .text.bb_simple_error_msg
                0x0000000000015c90       0x10 libbb/lib.a(verror_msg.o)
                0x0000000000015c90                bb_simple_error_msg
 .text.bb_simple_error_msg_and_die
                0x0000000000015ca0       0x14 libbb/lib.a(verror_msg.o)
                0x0000000000015ca0                bb_simple_error_msg_and_die
 .text.xfdopen_helper
                0x0000000000015cb4       0x30 libbb/lib.a(wfopen.o)
 .text.fopen_or_warn
                0x0000000000015ce4       0x24 libbb/lib.a(wfopen.o)
                0x0000000000015ce4                fopen_or_warn
 .text.fopen_for_read
                0x0000000000015d08        0xc libbb/lib.a(wfopen.o)
                0x0000000000015d08                fopen_for_read
 .text.xfopen_for_read
                0x0000000000015d14        0xc libbb/lib.a(wfopen.o)
                0x0000000000015d14                xfopen_for_read
 .text.fopen_for_write
                0x0000000000015d20        0xc libbb/lib.a(wfopen.o)
                0x0000000000015d20                fopen_for_write
 .text.xfopen_for_write
                0x0000000000015d2c        0xc libbb/lib.a(wfopen.o)
                0x0000000000015d2c                xfopen_for_write
 .text.xfdopen_for_read
                0x0000000000015d38        0x8 libbb/lib.a(wfopen.o)
                0x0000000000015d38                xfdopen_for_read
 .text.xfdopen_for_write
                0x0000000000015d40        0xc libbb/lib.a(wfopen.o)
                0x0000000000015d40                xfdopen_for_write
 .text.xfunc_die
                0x0000000000015d4c       0x2c libbb/lib.a(xfunc_die.o)
                0x0000000000015d4c                xfunc_die
 .text.ndelay_on
                0x0000000000015d78       0x34 libbb/lib.a(xfuncs.o)
                0x0000000000015d78                ndelay_on
 .text.ndelay_off
                0x0000000000015dac       0x34 libbb/lib.a(xfuncs.o)
                0x0000000000015dac                ndelay_off
 .text.close_on_exec_on
                0x0000000000015de0        0xc libbb/lib.a(xfuncs.o)
                0x0000000000015de0                close_on_exec_on
 .text.strncpy_IFNAMSIZ
                0x0000000000015dec        0x8 libbb/lib.a(xfuncs.o)
                0x0000000000015dec                strncpy_IFNAMSIZ
 .text.utoa_to_buf
                0x0000000000015df4       0x94 libbb/lib.a(xfuncs.o)
                0x0000000000015df4                utoa_to_buf
 .text.itoa_to_buf
                0x0000000000015e88       0x2c libbb/lib.a(xfuncs.o)
                0x0000000000015e88                itoa_to_buf
 .text.utoa     0x0000000000015eb4       0x28 libbb/lib.a(xfuncs.o)
                0x0000000000015eb4                utoa
 .text.itoa     0x0000000000015edc       0x28 libbb/lib.a(xfuncs.o)
                0x0000000000015edc                itoa
 .text.bin2hex  0x0000000000015f04       0x4c libbb/lib.a(xfuncs.o)
                0x0000000000015f04                bin2hex
 .text.hex2bin  0x0000000000015f50       0xec libbb/lib.a(xfuncs.o)
                0x0000000000015f50                hex2bin
 .text.bb_putchar_stderr
                0x000000000001603c       0x20 libbb/lib.a(xfuncs.o)
                0x000000000001603c                bb_putchar_stderr
 .text.full_write1_str
                0x000000000001605c       0x20 libbb/lib.a(xfuncs.o)
                0x000000000001605c                full_write1_str
 .text.full_write2_str
                0x000000000001607c       0x20 libbb/lib.a(xfuncs.o)
                0x000000000001607c                full_write2_str
 .text.get_terminal_width_height
                0x000000000001609c      0x134 libbb/lib.a(xfuncs.o)
                0x000000000001609c                get_terminal_width_height
 .text.get_terminal_width
                0x00000000000161d0       0x1c libbb/lib.a(xfuncs.o)
                0x00000000000161d0                get_terminal_width
 .text.is_TERM_dumb
                0x00000000000161ec       0x38 libbb/lib.a(xfuncs.o)
                0x00000000000161ec                is_TERM_dumb
 .text.tcsetattr_stdin_TCSANOW
                0x0000000000016224       0x10 libbb/lib.a(xfuncs.o)
                0x0000000000016224                tcsetattr_stdin_TCSANOW
 .text.get_termios_and_make_raw
                0x0000000000016234       0xc0 libbb/lib.a(xfuncs.o)
                0x0000000000016234                get_termios_and_make_raw
 .text.set_termios_to_raw
                0x00000000000162f4       0x38 libbb/lib.a(xfuncs.o)
                0x00000000000162f4                set_termios_to_raw
 .text.safe_waitpid
                0x000000000001632c       0x44 libbb/lib.a(xfuncs.o)
                0x000000000001632c                safe_waitpid
 .text.wait_any_nohang
                0x0000000000016370       0x10 libbb/lib.a(xfuncs.o)
                0x0000000000016370                wait_any_nohang
 .text.wait4pid
                0x0000000000016380       0x58 libbb/lib.a(xfuncs.o)
                0x0000000000016380                wait4pid
 .text.exit_SUCCESS
                0x00000000000163d8        0xc libbb/lib.a(xfuncs.o)
                0x00000000000163d8                exit_SUCCESS
 .text._exit_SUCCESS
                0x00000000000163e4        0xc libbb/lib.a(xfuncs.o)
                0x00000000000163e4                _exit_SUCCESS
 .text.bb_die_memory_exhausted
                0x00000000000163f0       0x10 libbb/lib.a(xfuncs_printf.o)
                0x00000000000163f0                bb_die_memory_exhausted
 .text.malloc_or_warn
                0x0000000000016400       0x3c libbb/lib.a(xfuncs_printf.o)
                0x0000000000016400                malloc_or_warn
 .text.xmalloc  0x000000000001643c       0x28 libbb/lib.a(xfuncs_printf.o)
                0x000000000001643c                xmalloc
 .text.xrealloc
                0x0000000000016464       0x28 libbb/lib.a(xfuncs_printf.o)
                0x0000000000016464                xrealloc
 .text.xzalloc  0x000000000001648c       0x24 libbb/lib.a(xfuncs_printf.o)
                0x000000000001648c                xzalloc
 .text.xstrdup  0x00000000000164b0       0x24 libbb/lib.a(xfuncs_printf.o)
                0x00000000000164b0                xstrdup
 .text.xstrndup
                0x00000000000164d4       0x14 libbb/lib.a(xfuncs_printf.o)
                0x00000000000164d4                xstrndup
 .text.xmemdup  0x00000000000164e8       0x24 libbb/lib.a(xfuncs_printf.o)
                0x00000000000164e8                xmemdup
 .text.mmap_read
                0x000000000001650c       0x2c libbb/lib.a(xfuncs_printf.o)
                0x000000000001650c                mmap_read
 .text.mmap_anon
                0x0000000000016538       0x34 libbb/lib.a(xfuncs_printf.o)
                0x0000000000016538                mmap_anon
 .text.xmmap_anon
                0x000000000001656c       0x14 libbb/lib.a(xfuncs_printf.o)
                0x000000000001656c                xmmap_anon
 .text.xfopen   0x0000000000016580       0x24 libbb/lib.a(xfuncs_printf.o)
                0x0000000000016580                xfopen
 .text.xopen3   0x00000000000165a4       0x24 libbb/lib.a(xfuncs_printf.o)
                0x00000000000165a4                xopen3
 .text.xopen    0x00000000000165c8        0xc libbb/lib.a(xfuncs_printf.o)
                0x00000000000165c8                xopen
 .text.open3_or_warn
                0x00000000000165d4       0x2c libbb/lib.a(xfuncs_printf.o)
                0x00000000000165d4                open3_or_warn
 .text.open_or_warn
                0x0000000000016600        0xc libbb/lib.a(xfuncs_printf.o)
                0x0000000000016600                open_or_warn
 .text.xopen_nonblocking
                0x000000000001660c        0x8 libbb/lib.a(xfuncs_printf.o)
                0x000000000001660c                xopen_nonblocking
 .text.xunlink  0x0000000000016614       0x24 libbb/lib.a(xfuncs_printf.o)
                0x0000000000016614                xunlink
 .text.xrename  0x0000000000016638       0x2c libbb/lib.a(xfuncs_printf.o)
                0x0000000000016638                xrename
 .text.rename_or_warn
                0x0000000000016664       0x34 libbb/lib.a(xfuncs_printf.o)
                0x0000000000016664                rename_or_warn
 .text.xpipe    0x0000000000016698       0x1c libbb/lib.a(xfuncs_printf.o)
                0x0000000000016698                xpipe
 .text.xdup2    0x00000000000166b4       0x20 libbb/lib.a(xfuncs_printf.o)
                0x00000000000166b4                xdup2
 .text.xmove_fd
                0x00000000000166d4       0x20 libbb/lib.a(xfuncs_printf.o)
                0x00000000000166d4                xmove_fd
 .text.xwrite   0x00000000000166f4       0x38 libbb/lib.a(xfuncs_printf.o)
                0x00000000000166f4                xwrite
 .text.xwrite_str
                0x000000000001672c       0x28 libbb/lib.a(xfuncs_printf.o)
                0x000000000001672c                xwrite_str
 .text.xclose   0x0000000000016754       0x1c libbb/lib.a(xfuncs_printf.o)
                0x0000000000016754                xclose
 .text.xlseek   0x0000000000016770       0x4c libbb/lib.a(xfuncs_printf.o)
                0x0000000000016770                xlseek
 .text.xmkstemp
                0x00000000000167bc       0x24 libbb/lib.a(xfuncs_printf.o)
                0x00000000000167bc                xmkstemp
 .text.die_if_ferror
                0x00000000000167e0       0x24 libbb/lib.a(xfuncs_printf.o)
                0x00000000000167e0                die_if_ferror
 .text.die_if_ferror_stdout
                0x0000000000016804       0x18 libbb/lib.a(xfuncs_printf.o)
                0x0000000000016804                die_if_ferror_stdout
 .text.fflush_all
                0x000000000001681c        0x8 libbb/lib.a(xfuncs_printf.o)
                0x000000000001681c                fflush_all
 .text.bb_putchar
                0x0000000000016824        0x4 libbb/lib.a(xfuncs_printf.o)
                0x0000000000016824                bb_putchar
 .text.fputs_stdout
                0x0000000000016828       0x10 libbb/lib.a(xfuncs_printf.o)
                0x0000000000016828                fputs_stdout
 .text.xprint_and_close_file
                0x0000000000016838       0x40 libbb/lib.a(xfuncs_printf.o)
                0x0000000000016838                xprint_and_close_file
 .text.xasprintf
                0x0000000000016878       0x3c libbb/lib.a(xfuncs_printf.o)
                0x0000000000016878                xasprintf
 .text.xsetenv  0x00000000000168b4       0x18 libbb/lib.a(xfuncs_printf.o)
                0x00000000000168b4                xsetenv
 .text.bb_unsetenv
                0x00000000000168cc       0x70 libbb/lib.a(xfuncs_printf.o)
                0x00000000000168cc                bb_unsetenv
 .text.bb_unsetenv_and_free
                0x000000000001693c       0x18 libbb/lib.a(xfuncs_printf.o)
                0x000000000001693c                bb_unsetenv_and_free
 .text.xsetgid  0x0000000000016954       0x1c libbb/lib.a(xfuncs_printf.o)
                0x0000000000016954                xsetgid
 .text.xsetuid  0x0000000000016970       0x1c libbb/lib.a(xfuncs_printf.o)
                0x0000000000016970                xsetuid
 .text.xsetegid
                0x000000000001698c       0x1c libbb/lib.a(xfuncs_printf.o)
                0x000000000001698c                xsetegid
 .text.xseteuid
                0x00000000000169a8       0x1c libbb/lib.a(xfuncs_printf.o)
                0x00000000000169a8                xseteuid
 .text.xopen_as_uid_gid
                0x00000000000169c4       0x5c libbb/lib.a(xfuncs_printf.o)
                0x00000000000169c4                xopen_as_uid_gid
 .text.chdir_or_warn
                0x0000000000016a20       0x2c libbb/lib.a(xfuncs_printf.o)
                0x0000000000016a20                chdir_or_warn
 .text.xchdir   0x0000000000016a4c       0x14 libbb/lib.a(xfuncs_printf.o)
                0x0000000000016a4c                xchdir
 .text.xfchdir  0x0000000000016a60       0x1c libbb/lib.a(xfuncs_printf.o)
                0x0000000000016a60                xfchdir
 .text.xchroot  0x0000000000016a7c       0x34 libbb/lib.a(xfuncs_printf.o)
                0x0000000000016a7c                xchroot
 .text.warn_opendir
                0x0000000000016ab0       0x2c libbb/lib.a(xfuncs_printf.o)
                0x0000000000016ab0                warn_opendir
 .text.xopendir
                0x0000000000016adc       0x24 libbb/lib.a(xfuncs_printf.o)
                0x0000000000016adc                xopendir
 .text.xsocket  0x0000000000016b00       0x1c libbb/lib.a(xfuncs_printf.o)
                0x0000000000016b00                xsocket
 .text.xbind    0x0000000000016b1c       0x1c libbb/lib.a(xfuncs_printf.o)
                0x0000000000016b1c                xbind
 .text.xlisten  0x0000000000016b38       0x1c libbb/lib.a(xfuncs_printf.o)
                0x0000000000016b38                xlisten
 .text.xsendto  0x0000000000016b54       0x34 libbb/lib.a(xfuncs_printf.o)
                0x0000000000016b54                xsendto
 .text.xstat    0x0000000000016b88       0x24 libbb/lib.a(xfuncs_printf.o)
                0x0000000000016b88                xstat
 .text.xfstat   0x0000000000016bac       0x1c libbb/lib.a(xfuncs_printf.o)
                0x0000000000016bac                xfstat
 .text.ioctl_or_perror_and_die
                0x0000000000016bc8       0x54 libbb/lib.a(xfuncs_printf.o)
                0x0000000000016bc8                ioctl_or_perror_and_die
 .text.ioctl_or_perror
                0x0000000000016c1c       0x54 libbb/lib.a(xfuncs_printf.o)
                0x0000000000016c1c                ioctl_or_perror
 .text.bb_ioctl_or_warn
                0x0000000000016c70       0x24 libbb/lib.a(xfuncs_printf.o)
                0x0000000000016c70                bb_ioctl_or_warn
 .text.bb_xioctl
                0x0000000000016c94       0x1c libbb/lib.a(xfuncs_printf.o)
                0x0000000000016c94                bb_xioctl
 .text.xmalloc_ttyname
                0x0000000000016cb0       0x30 libbb/lib.a(xfuncs_printf.o)
                0x0000000000016cb0                xmalloc_ttyname
 .text.generate_uuid
                0x0000000000016ce0       0x8c libbb/lib.a(xfuncs_printf.o)
                0x0000000000016ce0                generate_uuid
 .text.xfork    0x0000000000016d6c       0x1c libbb/lib.a(xfuncs_printf.o)
                0x0000000000016d6c                xfork
 .text.wait_for_exitstatus
                0x0000000000016d88       0x30 libbb/lib.a(xfuncs_printf.o)
                0x0000000000016d88                wait_for_exitstatus
 .text.xvfork_parent_waits_and_exits
                0x0000000000016db8       0x50 libbb/lib.a(xfuncs_printf.o)
                0x0000000000016db8                xvfork_parent_waits_and_exits
 .text.xsettimeofday
                0x0000000000016e08       0x20 libbb/lib.a(xfuncs_printf.o)
                0x0000000000016e08                xsettimeofday
 .text.xgettimeofday
                0x0000000000016e28        0x8 libbb/lib.a(xfuncs_printf.o)
                0x0000000000016e28                xgettimeofday
 .text.xmalloc_readlink
                0x0000000000016e30       0x64 libbb/lib.a(xreadlink.o)
                0x0000000000016e30                xmalloc_readlink
 .text.xmalloc_follow_symlinks
                0x0000000000016e94       0xbc libbb/lib.a(xreadlink.o)
                0x0000000000016e94                xmalloc_follow_symlinks
 .text.xmalloc_readlink_or_warn
                0x0000000000016f50       0x54 libbb/lib.a(xreadlink.o)
                0x0000000000016f50                xmalloc_readlink_or_warn
 .text.xmalloc_realpath
                0x0000000000016fa4        0x8 libbb/lib.a(xreadlink.o)
                0x0000000000016fa4                xmalloc_realpath
 .text.xmalloc_realpath_coreutils
                0x0000000000016fac      0x178 libbb/lib.a(xreadlink.o)
                0x0000000000016fac                xmalloc_realpath_coreutils
 .text.bb_full_fd_action
                0x0000000000017124      0x190 libbb/lib.a(copyfd.o)
 .text.bb_copyfd_size
                0x00000000000172b4       0x28 libbb/lib.a(copyfd.o)
                0x00000000000172b4                bb_copyfd_size
 .text.bb_copyfd_exact_size
                0x00000000000172dc       0x58 libbb/lib.a(copyfd.o)
                0x00000000000172dc                bb_copyfd_exact_size
 .text.bb_copyfd_eof
                0x0000000000017334        0xc libbb/lib.a(copyfd.o)
                0x0000000000017334                bb_copyfd_eof
 .text.full_write
                0x0000000000017340       0x58 libbb/lib.a(full_write.o)
                0x0000000000017340                full_write
 .text.safe_read
                0x0000000000017398       0x4c libbb/lib.a(read.o)
                0x0000000000017398                safe_read
 .text.full_read
                0x00000000000173e4       0x58 libbb/lib.a(read.o)
                0x00000000000173e4                full_read
 .text.read_close
                0x000000000001743c       0x20 libbb/lib.a(read.o)
                0x000000000001743c                read_close
 .text.open_read_close
                0x000000000001745c       0x2c libbb/lib.a(read.o)
                0x000000000001745c                open_read_close
 .text.safe_write
                0x0000000000017488       0x4c libbb/lib.a(safe_write.o)
                0x0000000000017488                safe_write
 .text.record_signo
                0x00000000000174d4       0x10 libbb/lib.a(signals.o)
                0x00000000000174d4                record_signo
 .text.sigaction_set
                0x00000000000174e4        0x8 libbb/lib.a(signals.o)
                0x00000000000174e4                sigaction_set
 .text.sigprocmask_allsigs
                0x00000000000174ec       0x2c libbb/lib.a(signals.o)
                0x00000000000174ec                sigprocmask_allsigs
 .text.sigprocmask2
                0x0000000000017518        0x8 libbb/lib.a(signals.o)
                0x0000000000017518                sigprocmask2
 .text.bb_signals
                0x0000000000017520       0x44 libbb/lib.a(signals.o)
                0x0000000000017520                bb_signals
 .text.bb_signals_norestart
                0x0000000000017564       0x60 libbb/lib.a(signals.o)
                0x0000000000017564                bb_signals_norestart
 .text.sig_block
                0x00000000000175c4       0x38 libbb/lib.a(signals.o)
                0x00000000000175c4                sig_block
 .text.sig_unblock
                0x00000000000175fc       0x38 libbb/lib.a(signals.o)
                0x00000000000175fc                sig_unblock
 .text.wait_for_any_sig
                0x0000000000017634       0x20 libbb/lib.a(signals.o)
                0x0000000000017634                wait_for_any_sig
 .text.kill_myself_with_sig
                0x0000000000017654       0x28 libbb/lib.a(signals.o)
                0x0000000000017654                kill_myself_with_sig
 .text.signal_SA_RESTART_empty_mask
                0x000000000001767c       0x40 libbb/lib.a(signals.o)
                0x000000000001767c                signal_SA_RESTART_empty_mask
 .text.signal_no_SA_RESTART_empty_mask
                0x00000000000176bc       0x38 libbb/lib.a(signals.o)
                0x00000000000176bc                signal_no_SA_RESTART_empty_mask
 .text.get_mono
                0x00000000000176f4       0x24 libbb/lib.a(time.o)
 .text.parse_datestr
                0x0000000000017718      0x3b4 libbb/lib.a(time.o)
                0x0000000000017718                parse_datestr
 .text.validate_tm_time
                0x0000000000017acc       0x28 libbb/lib.a(time.o)
                0x0000000000017acc                validate_tm_time
 .text.strftime_HHMMSS
                0x0000000000017af4       0x48 libbb/lib.a(time.o)
                0x0000000000017af4                strftime_HHMMSS
 .text.strftime_YYYYMMDDHHMMSS
                0x0000000000017b3c       0x48 libbb/lib.a(time.o)
                0x0000000000017b3c                strftime_YYYYMMDDHHMMSS
 .text.monotonic_us
                0x0000000000017b84       0x34 libbb/lib.a(time.o)
                0x0000000000017b84                monotonic_us
 .text.monotonic_ms
                0x0000000000017bb8       0x34 libbb/lib.a(time.o)
                0x0000000000017bb8                monotonic_ms
 .text.monotonic_sec
                0x0000000000017bec       0x18 libbb/lib.a(time.o)
                0x0000000000017bec                monotonic_sec
 .text.xrealloc_getcwd_or_warn
                0x0000000000017c04       0x7c libbb/lib.a(xgetcwd.o)
                0x0000000000017c04                xrealloc_getcwd_or_warn
 .text.handle_errors.isra.0
                0x0000000000017c80       0x64 libbb/lib.a(bb_strtonum.o)
 .text.bb_strtoull
                0x0000000000017ce4       0x6c libbb/lib.a(bb_strtonum.o)
                0x0000000000017ce4                bb_strtoull
 .text.bb_strtoll
                0x0000000000017d50       0x80 libbb/lib.a(bb_strtonum.o)
                0x0000000000017d50                bb_strtoll
 .text.bb_strtoul
                0x0000000000017dd0       0x6c libbb/lib.a(bb_strtonum.o)
                0x0000000000017dd0                bb_strtoul
 .text.bb_strtol
                0x0000000000017e3c       0x7c libbb/lib.a(bb_strtonum.o)
                0x0000000000017e3c                bb_strtol
 .text.get_S    0x0000000000017eb8       0xc0 libpwdgrp/lib.a(pwd_grp.o)
 .text.tokenize
                0x0000000000017f78       0xc8 libpwdgrp/lib.a(pwd_grp.o)
 .text.parse_common
                0x0000000000018040      0x10c libpwdgrp/lib.a(pwd_grp.o)
 .text.parse_file
                0x000000000001814c       0x48 libpwdgrp/lib.a(pwd_grp.o)
 .text.convert_to_struct
                0x0000000000018194      0x170 libpwdgrp/lib.a(pwd_grp.o)
 .text.massage_data_for_r_func
                0x0000000000018304       0x8c libpwdgrp/lib.a(pwd_grp.o)
 .text.massage_data_for_non_r_func
                0x0000000000018390       0x78 libpwdgrp/lib.a(pwd_grp.o)
 .text.getXXnam
                0x0000000000018408       0x38 libpwdgrp/lib.a(pwd_grp.o)
 .text.getgrouplist_internal
                0x0000000000018440       0xfc libpwdgrp/lib.a(pwd_grp.o)
 .text.bb_internal_getspnam_r
                0x000000000001853c       0x4c libpwdgrp/lib.a(pwd_grp.o)
                0x000000000001853c                bb_internal_getspnam_r
 .text.bb_internal_getpwent
                0x0000000000018588       0x58 libpwdgrp/lib.a(pwd_grp.o)
                0x0000000000018588                bb_internal_getpwent
 .text.bb_internal_getpwnam
                0x00000000000185e0        0x8 libpwdgrp/lib.a(pwd_grp.o)
                0x00000000000185e0                bb_internal_getpwnam
 .text.bb_internal_getgrnam
                0x00000000000185e8        0x8 libpwdgrp/lib.a(pwd_grp.o)
                0x00000000000185e8                bb_internal_getgrnam
 .text.bb_internal_getpwuid
                0x00000000000185f0       0x14 libpwdgrp/lib.a(pwd_grp.o)
                0x00000000000185f0                bb_internal_getpwuid
 .text.bb_internal_getgrgid
                0x0000000000018604       0x14 libpwdgrp/lib.a(pwd_grp.o)
                0x0000000000018604                bb_internal_getgrgid
 .text.bb_internal_endpwent
                0x0000000000018618       0x38 libpwdgrp/lib.a(pwd_grp.o)
                0x0000000000018618                bb_internal_endpwent
 .text.bb_internal_setpwent
                0x0000000000018650       0x24 libpwdgrp/lib.a(pwd_grp.o)
                0x0000000000018650                bb_internal_setpwent
 .text.bb_internal_endgrent
                0x0000000000018674       0x38 libpwdgrp/lib.a(pwd_grp.o)
                0x0000000000018674                bb_internal_endgrent
 .text.bb_internal_initgroups
                0x00000000000186ac       0x40 libpwdgrp/lib.a(pwd_grp.o)
                0x00000000000186ac                bb_internal_initgroups
 .text.bb_internal_getgrouplist
                0x00000000000186ec       0x5c libpwdgrp/lib.a(pwd_grp.o)
                0x00000000000186ec                bb_internal_getgrouplist
 .text.get_uidgid
                0x0000000000018748      0x108 libpwdgrp/lib.a(uidgid_get.o)
                0x0000000000018748                get_uidgid
 .text.xget_uidgid
                0x0000000000018850       0x24 libpwdgrp/lib.a(uidgid_get.o)
                0x0000000000018850                xget_uidgid
 .text.parse_chown_usergroup_or_die
                0x0000000000018874       0x9c libpwdgrp/lib.a(uidgid_get.o)
                0x0000000000018874                parse_chown_usergroup_or_die
 .text.add_remove_shell_main
                0x0000000000018910      0x174 loginutils/lib.a(add-remove-shell.o)
                0x0000000000018910                add_remove_shell_main
 .text.addgroup_main
                0x0000000000018a84      0x218 loginutils/lib.a(addgroup.o)
                0x0000000000018a84                addgroup_main
 .text.addgroup_wrapper
                0x0000000000018c9c       0x7c loginutils/lib.a(adduser.o)
 .text.adduser_main
                0x0000000000018d18      0x43c loginutils/lib.a(adduser.o)
                0x0000000000018d18                adduser_main
 .text.chpasswd_main
                0x0000000000019154      0x19c loginutils/lib.a(chpasswd.o)
                0x0000000000019154                chpasswd_main
 .text.cryptpw_main
                0x00000000000192f0      0x120 loginutils/lib.a(cryptpw.o)
                0x00000000000192f0                cryptpw_main
 .text.deluser_main
                0x0000000000019410      0x1ec loginutils/lib.a(deluser.o)
                0x0000000000019410                deluser_main
 .text.sleep10  0x00000000000195fc        0x8 loginutils/lib.a(getty.o)
 .text.bcode    0x0000000000019604       0x20 loginutils/lib.a(getty.o)
 .text.set_tty_attrs
                0x0000000000019624       0x2c loginutils/lib.a(getty.o)
 .text.finalize_tty_attrs
                0x0000000000019650       0x80 loginutils/lib.a(getty.o)
 .text.alarm_handler
                0x00000000000196d0        0xc loginutils/lib.a(getty.o)
 .text.getty_main
                0x00000000000196dc      0x778 loginutils/lib.a(getty.o)
                0x00000000000196dc                getty_main
 .text.alarm_handler
                0x0000000000019e54       0x54 loginutils/lib.a(login.o)
 .text.login_main
                0x0000000000019ea8      0x554 loginutils/lib.a(login.o)
                0x0000000000019ea8                login_main
 .text.passwd_main
                0x000000000001a3fc      0x470 loginutils/lib.a(passwd.o)
                0x000000000001a3fc                passwd_main
 .text.su_main  0x000000000001a86c      0x24c loginutils/lib.a(su.o)
                0x000000000001a86c                su_main
 .text.sulogin_main
                0x000000000001aab8      0x19c loginutils/lib.a(sulogin.o)
                0x000000000001aab8                sulogin_main
 .text.acquire_vt
                0x000000000001ac54       0x14 loginutils/lib.a(vlock.o)
 .text.release_vt
                0x000000000001ac68       0x24 loginutils/lib.a(vlock.o)
 .text.vlock_main
                0x000000000001ac8c      0x1b0 loginutils/lib.a(vlock.o)
                0x000000000001ac8c                vlock_main
 .text.makemime_main
                0x000000000001ae3c      0x18c mailutils/lib.a(makemime.o)
                0x000000000001ae3c                makemime_main
 .text.pop3_checkr
                0x000000000001afc8       0xa0 mailutils/lib.a(popmaildir.o)
 .text.popmaildir_main
                0x000000000001b068      0x3e0 mailutils/lib.a(popmaildir.o)
                0x000000000001b068                popmaildir_main
 .text.find_token
                0x000000000001b448       0x4c mailutils/lib.a(reformime.o)
 .text.parse    0x000000000001b494      0x494 mailutils/lib.a(reformime.o)
 .text.reformime_main
                0x000000000001b928       0x94 mailutils/lib.a(reformime.o)
                0x000000000001b928                reformime_main
 .text.smtp_checkp
                0x000000000001b9bc       0xd4 mailutils/lib.a(sendmail.o)
 .text.rcptto   0x000000000001ba90       0x44 mailutils/lib.a(sendmail.o)
 .text.smtp_check
                0x000000000001bad4        0xc mailutils/lib.a(sendmail.o)
 .text.sane_address
                0x000000000001bae0       0x68 mailutils/lib.a(sendmail.o)
 .text.angle_address
                0x000000000001bb48       0x4c mailutils/lib.a(sendmail.o)
 .text.rcptto_list
                0x000000000001bb94       0x98 mailutils/lib.a(sendmail.o)
 .text.sendmail_main
                0x000000000001bc2c      0x64c mailutils/lib.a(sendmail.o)
                0x000000000001bc2c                sendmail_main
 .text.signal_handler
                0x000000000001c278       0x98 mailutils/lib.a(mail.o)
 .text.encode_n_base64
                0x000000000001c310      0x128 mailutils/lib.a(mail.o)
 .text.launch_helper
                0x000000000001c438       0xd4 mailutils/lib.a(mail.o)
                0x000000000001c438                launch_helper
 .text.send_r_n
                0x000000000001c50c       0x44 mailutils/lib.a(mail.o)
                0x000000000001c50c                send_r_n
 .text.send_mail_command
                0x000000000001c550       0x50 mailutils/lib.a(mail.o)
                0x000000000001c550                send_mail_command
 .text.printstr_base64
                0x000000000001c5a0       0x20 mailutils/lib.a(mail.o)
                0x000000000001c5a0                printstr_base64
 .text.printbuf_base64
                0x000000000001c5c0       0x14 mailutils/lib.a(mail.o)
                0x000000000001c5c0                printbuf_base64
 .text.printfile_base64
                0x000000000001c5d4        0xc mailutils/lib.a(mail.o)
                0x000000000001c5d4                printfile_base64
 .text.get_cred_or_die
                0x000000000001c5e0       0xa0 mailutils/lib.a(mail.o)
                0x000000000001c5e0                get_cred_or_die
 .text.adjtimex_main
                0x000000000001c680      0x1d4 miscutils/lib.a(adjtimex.o)
                0x000000000001c680                adjtimex_main
 .text.ascii_main
                0x000000000001c854       0xdc miscutils/lib.a(ascii.o)
                0x000000000001c854                ascii_main
 .text.bc_vec_pop
                0x000000000001c930       0x28 miscutils/lib.a(bc.o)
 .text.bc_vec_npop
                0x000000000001c958       0x54 miscutils/lib.a(bc.o)
 .text.bc_vec_pop_all
                0x000000000001c9ac        0x8 miscutils/lib.a(bc.o)
 .text.bc_vec_item_rev
                0x000000000001c9b4       0x1c miscutils/lib.a(bc.o)
 .text.bc_vec_top
                0x000000000001c9d0       0x18 miscutils/lib.a(bc.o)
 .text.xc_program_func
                0x000000000001c9e8       0x1c miscutils/lib.a(bc.o)
 .text.bc_program_current_func
                0x000000000001ca04       0x24 miscutils/lib.a(bc.o)
 .text.xc_program_str
                0x000000000001ca28       0x50 miscutils/lib.a(bc.o)
 .text.bc_num_one
                0x000000000001ca78       0x20 miscutils/lib.a(bc.o)
 .text.bc_num_subArrays
                0x000000000001ca98       0x58 miscutils/lib.a(bc.o)
 .text.BC_NUM_MREQ
                0x000000000001caf0       0x34 miscutils/lib.a(bc.o)
 .text.bc_num_cmp
                0x000000000001cb24      0x140 miscutils/lib.a(bc.o)
 .text.bc_num_clean
                0x000000000001cc64       0x40 miscutils/lib.a(bc.o)
 .text.xc_lex_lineComment
                0x000000000001cca4       0x38 miscutils/lib.a(bc.o)
 .text.xc_lex_whitespace
                0x000000000001ccdc       0x44 miscutils/lib.a(bc.o)
 .text.parse_lex_by_checking_eq_sign
                0x000000000001cd20       0x30 miscutils/lib.a(bc.o)
 .text.xc_program_reset
                0x000000000001cd50       0x44 miscutils/lib.a(bc.o)
 .text.bc_parse_inst_isLeaf
                0x000000000001cd94       0x1c miscutils/lib.a(bc.o)
 .text.rewrite_label_to_current
                0x000000000001cdb0       0x28 miscutils/lib.a(bc.o)
 .text.xc_program_index
                0x000000000001cdd8       0x58 miscutils/lib.a(bc.o)
 .text.bc_vec_init
                0x000000000001ce30       0x2c miscutils/lib.a(bc.o)
 .text.bc_char_vec_init
                0x000000000001ce5c        0xc miscutils/lib.a(bc.o)
 .text.bc_func_init
                0x000000000001ce68       0x64 miscutils/lib.a(bc.o)
 .text.bc_num_init
                0x000000000001cecc       0x38 miscutils/lib.a(bc.o)
 .text.bc_num_init_DEF_SIZE
                0x000000000001cf04        0x8 miscutils/lib.a(bc.o)
 .text.xc_parse_create
                0x000000000001cf0c       0x70 miscutils/lib.a(bc.o)
 .text.bc_num_free
                0x000000000001cf7c        0x8 miscutils/lib.a(bc.o)
 .text.bc_result_free
                0x000000000001cf84       0x40 miscutils/lib.a(bc.o)
 .text.bc_string_free
                0x000000000001cfc4        0x8 miscutils/lib.a(bc.o)
 .text.bc_vec_free
                0x000000000001cfcc       0x18 miscutils/lib.a(bc.o)
 .text.bc_func_free
                0x000000000001cfe4       0x30 miscutils/lib.a(bc.o)
 .text.xc_parse_free
                0x000000000001d014       0x34 miscutils/lib.a(bc.o)
 .text.bc_id_free
                0x000000000001d048        0x8 miscutils/lib.a(bc.o)
 .text.bc_map_find_ge
                0x000000000001d050       0x60 miscutils/lib.a(bc.o)
 .text.bc_num_truncate
                0x000000000001d0b0       0x34 miscutils/lib.a(bc.o)
 .text.bc_result_pop_and_push
                0x000000000001d0e4       0x54 miscutils/lib.a(bc.o)
 .text.xc_program_binOpRetire
                0x000000000001d138       0x30 miscutils/lib.a(bc.o)
 .text.bc_vec_grow
                0x000000000001d168       0x40 miscutils/lib.a(bc.o)
 .text.bc_vec_npush
                0x000000000001d1a8       0x4c miscutils/lib.a(bc.o)
 .text.bc_vec_push
                0x000000000001d1f4        0xc miscutils/lib.a(bc.o)
 .text.xc_program_add_fn
                0x000000000001d200       0x30 miscutils/lib.a(bc.o)
 .text.bc_vec_pushZeroByte
                0x000000000001d230        0xc miscutils/lib.a(bc.o)
 .text.bc_array_expand
                0x000000000001d23c       0x78 miscutils/lib.a(bc.o)
 .text.bc_array_init
                0x000000000001d2b4       0x34 miscutils/lib.a(bc.o)
 .text.bc_vec_expand
                0x000000000001d2e8       0x34 miscutils/lib.a(bc.o)
 .text.bc_num_expand
                0x000000000001d31c       0x38 miscutils/lib.a(bc.o)
 .text.bc_num_ulong2num
                0x000000000001d354       0x60 miscutils/lib.a(bc.o)
 .text.bc_num_extend
                0x000000000001d3b4       0x68 miscutils/lib.a(bc.o)
 .text.zbc_num_shift
                0x000000000001d41c       0x54 miscutils/lib.a(bc.o)
 .text.bc_num_retireMul
                0x000000000001d470       0x4c miscutils/lib.a(bc.o)
 .text.bc_args  0x000000000001d4bc       0xbc miscutils/lib.a(bc.o)
 .text.bc_verror_msg
                0x000000000001d578       0x78 miscutils/lib.a(bc.o)
 .text.zbc_posix_error_fmt
                0x000000000001d5f0       0x6c miscutils/lib.a(bc.o)
 .text.bc_error_fmt
                0x000000000001d65c       0x48 miscutils/lib.a(bc.o)
 .text.bc_error
                0x000000000001d6a4       0x10 miscutils/lib.a(bc.o)
 .text.zbc_func_insert
                0x000000000001d6b4       0x88 miscutils/lib.a(bc.o)
 .text.bc_error_variable_is_wrong_type
                0x000000000001d73c        0xc miscutils/lib.a(bc.o)
 .text.zbc_num_ulong_abs
                0x000000000001d748       0x58 miscutils/lib.a(bc.o)
 .text.zbc_num_ulong
                0x000000000001d7a0       0x1c miscutils/lib.a(bc.o)
 .text.bc_error_stack_has_too_few_elements
                0x000000000001d7bc        0xc miscutils/lib.a(bc.o)
 .text.bad_input_byte
                0x000000000001d7c8       0x54 miscutils/lib.a(bc.o)
 .text.bc_error_bad_character
                0x000000000001d81c       0x20 miscutils/lib.a(bc.o)
 .text.xc_program_name
                0x000000000001d83c       0x30 miscutils/lib.a(bc.o)
 .text.xc_parse_pushName
                0x000000000001d86c       0x4c miscutils/lib.a(bc.o)
 .text.bc_vec_string
                0x000000000001d8b8       0x40 miscutils/lib.a(bc.o)
 .text.xc_lex_name
                0x000000000001d8f8       0x70 miscutils/lib.a(bc.o)
 .text.bc_num_copy
                0x000000000001d968       0x44 miscutils/lib.a(bc.o)
 .text.zbc_num_a
                0x000000000001d9ac      0x1e8 miscutils/lib.a(bc.o)
 .text.zbc_num_s
                0x000000000001db94      0x120 miscutils/lib.a(bc.o)
 .text.bc_num_init_and_copy
                0x000000000001dcb4       0x24 miscutils/lib.a(bc.o)
 .text.bc_num_split
                0x000000000001dcd8       0x88 miscutils/lib.a(bc.o)
 .text.zbc_num_binary
                0x000000000001dd60      0x104 miscutils/lib.a(bc.o)
 .text.zbc_num_mul
                0x000000000001de64       0x48 miscutils/lib.a(bc.o)
 .text.zbc_num_sub
                0x000000000001deac       0x78 miscutils/lib.a(bc.o)
 .text.zbc_num_div
                0x000000000001df24       0x48 miscutils/lib.a(bc.o)
 .text.zbc_num_mod
                0x000000000001df6c       0x48 miscutils/lib.a(bc.o)
 .text.zbc_num_pow
                0x000000000001dfb4       0x30 miscutils/lib.a(bc.o)
 .text.fflush_and_check
                0x000000000001dfe4       0x48 miscutils/lib.a(bc.o)
 .text.quit     0x000000000001e02c       0x34 miscutils/lib.a(bc.o)
 .text.bc_error_at
                0x000000000001e060       0x5c miscutils/lib.a(bc.o)
 .text.bc_error_bad_expression
                0x000000000001e0bc        0xc miscutils/lib.a(bc.o)
 .text.bc_error_bad_token
                0x000000000001e0c8        0xc miscutils/lib.a(bc.o)
 .text.bc_num_printNewline
                0x000000000001e0d4       0x40 miscutils/lib.a(bc.o)
 .text.bc_num_printHex
                0x000000000001e114       0x60 miscutils/lib.a(bc.o)
 .text.bc_num_printDigits
                0x000000000001e174       0xb8 miscutils/lib.a(bc.o)
 .text.dc_num_printChar
                0x000000000001e22c       0x2c miscutils/lib.a(bc.o)
 .text.xc_program_dereference.isra.0
                0x000000000001e258       0x60 miscutils/lib.a(bc.o)
 .text.zbc_num_p
                0x000000000001e2b8      0x2bc miscutils/lib.a(bc.o)
 .text.zbc_num_add
                0x000000000001e574       0x78 miscutils/lib.a(bc.o)
 .text.zbc_num_k
                0x000000000001e5ec      0x3e4 miscutils/lib.a(bc.o)
 .text.zbc_num_m
                0x000000000001e9d0      0x124 miscutils/lib.a(bc.o)
 .text.zbc_num_sqrt
                0x000000000001eaf4      0x2b8 miscutils/lib.a(bc.o)
 .text.zbc_num_d
                0x000000000001edac      0x2a4 miscutils/lib.a(bc.o)
 .text.zbc_num_r
                0x000000000001f050      0x118 miscutils/lib.a(bc.o)
 .text.zbc_num_rem
                0x000000000001f168       0x74 miscutils/lib.a(bc.o)
 .text.zbc_num_divmod
                0x000000000001f1dc       0xdc miscutils/lib.a(bc.o)
 .text.zxc_num_printNum
                0x000000000001f2b8      0x23c miscutils/lib.a(bc.o)
 .text.bc_map_insert
                0x000000000001f4f4       0xb4 miscutils/lib.a(bc.o)
 .text.bc_program_addFunc
                0x000000000001f5a8       0x88 miscutils/lib.a(bc.o)
 .text.xc_vm_init
                0x000000000001f630      0x2cc miscutils/lib.a(bc.o)
 .text.xc_program_search
                0x000000000001f8fc       0xac miscutils/lib.a(bc.o)
 .text.xc_program_pushVar
                0x000000000001f9a8       0xe0 miscutils/lib.a(bc.o)
 .text.zxc_program_num
                0x000000000001fa88      0x514 miscutils/lib.a(bc.o)
 .text.zxc_program_binOpPrep
                0x000000000001ff9c      0x148 miscutils/lib.a(bc.o)
 .text.zxc_program_prep
                0x00000000000200e4       0x88 miscutils/lib.a(bc.o)
 .text.xc_program_print
                0x000000000002016c      0x37c miscutils/lib.a(bc.o)
 .text.zxc_program_assign
                0x00000000000204e8      0x22c miscutils/lib.a(bc.o)
 .text.bc_map_find_exact
                0x0000000000020714       0x50 miscutils/lib.a(bc.o)
 .text.xc_read_line
                0x0000000000020764      0x1b4 miscutils/lib.a(bc.o)
 .text.peek_inbuf
                0x0000000000020918       0x58 miscutils/lib.a(bc.o)
 .text.eat_inbuf
                0x0000000000020970       0x28 miscutils/lib.a(bc.o)
 .text.zxc_lex_number
                0x0000000000020998      0x134 miscutils/lib.a(bc.o)
 .text.xc_parse_push
                0x0000000000020acc       0x2c miscutils/lib.a(bc.o)
 .text.bc_parse_operator
                0x0000000000020af8       0xd4 miscutils/lib.a(bc.o)
 .text.bc_vec_pushIndex
                0x0000000000020bcc       0x70 miscutils/lib.a(bc.o)
 .text.xc_parse_pushInst_and_Index
                0x0000000000020c3c       0x28 miscutils/lib.a(bc.o)
 .text.xc_parse_pushNUM
                0x0000000000020c64       0x58 miscutils/lib.a(bc.o)
 .text.zxc_program_popResultAndCopyToVar
                0x0000000000020cbc      0x288 miscutils/lib.a(bc.o)
 .text.zxc_lex_next
                0x0000000000020f44      0x830 miscutils/lib.a(bc.o)
 .text.zxc_parse_text_init
                0x0000000000021774       0x38 miscutils/lib.a(bc.o)
 .text.zbc_parse_pushSTR
                0x00000000000217ac       0x4c miscutils/lib.a(bc.o)
 .text.zdc_parse_register
                0x00000000000217f8       0x40 miscutils/lib.a(bc.o)
 .text.zdc_parse_mem
                0x0000000000021838       0x54 miscutils/lib.a(bc.o)
 .text.zdc_parse_expr
                0x000000000002188c      0x228 miscutils/lib.a(bc.o)
 .text.zdc_parse_exprs_until_eof
                0x0000000000021ab4       0x30 miscutils/lib.a(bc.o)
 .text.zbc_parse_expr
                0x0000000000021ae4      0x8c8 miscutils/lib.a(bc.o)
 .text.zbc_parse_name
                0x00000000000223ac      0x1d0 miscutils/lib.a(bc.o)
 .text.zbc_parse_stmt_possibly_auto
                0x000000000002257c      0x794 miscutils/lib.a(bc.o)
 .text.zbc_parse_stmt_allow_NLINE_before
                0x0000000000022d10       0x64 miscutils/lib.a(bc.o)
 .text.zxc_vm_process
                0x0000000000022d74     0x19c0 miscutils/lib.a(bc.o)
 .text.zxc_vm_execute_FILE
                0x0000000000024734       0x54 miscutils/lib.a(bc.o)
 .text.zxc_vm_exec
                0x0000000000024788       0xbc miscutils/lib.a(bc.o)
 .text.bc_main  0x0000000000024844       0x70 miscutils/lib.a(bc.o)
                0x0000000000024844                bc_main
 .text.dc_main  0x00000000000248b4      0x128 miscutils/lib.a(bc.o)
                0x00000000000248b4                dc_main
 .text.beep_main
                0x00000000000249dc      0x150 miscutils/lib.a(beep.o)
                0x00000000000249dc                beep_main
 .text.signal_handler
                0x0000000000024b2c       0x14 miscutils/lib.a(chat.o)
 .text.unescape
                0x0000000000024b40       0xdc miscutils/lib.a(chat.o)
 .text.chat_main
                0x0000000000024c1c      0x5bc miscutils/lib.a(chat.o)
                0x0000000000024c1c                chat_main
 .text.create_cdev_if_doesnt_exist
                0x00000000000251d8       0x5c miscutils/lib.a(conspy.o)
 .text.start_shell_in_child
                0x0000000000025234       0xf4 miscutils/lib.a(conspy.o)
 .text.putcsi   0x0000000000025328       0x20 miscutils/lib.a(conspy.o)
 .text.set_cursor
                0x0000000000025348       0x48 miscutils/lib.a(conspy.o)
 .text.gotoxy   0x0000000000025390       0x44 miscutils/lib.a(conspy.o)
 .text.screen_char
                0x00000000000253d4      0x144 miscutils/lib.a(conspy.o)
 .text.screen_dump
                0x0000000000025518       0xe4 miscutils/lib.a(conspy.o)
 .text.cleanup  0x00000000000255fc       0x68 miscutils/lib.a(conspy.o)
 .text.screen_read_close
                0x0000000000025664      0x12c miscutils/lib.a(conspy.o)
 .text.conspy_main
                0x0000000000025790      0x580 miscutils/lib.a(conspy.o)
                0x0000000000025790                conspy_main
 .text.log8     0x0000000000025d10       0x54 miscutils/lib.a(crond.o)
 .text.reopen_logfile_to_stderr
                0x0000000000025d64       0x4c miscutils/lib.a(crond.o)